<?xml version="1.0" encoding="ISO-8859-1" ?>
<link_info>
   <banner>TI ARM Linker PC v18.1.3.LTS</banner>
   <copyright>Copyright (c) 1996-2017 Texas Instruments Incorporated</copyright>
   <link_time>0x5c01df7e</link_time>
   <link_errors>0x0</link_errors>
   <output_file>FinalProjectF_2020.out</output_file>
   <entry_point>
      <name>_c_int00_noargs</name>
      <address>0x54cd</address>
   </entry_point>
   <input_file_list>
      <input_file id="fl-2">
         <path>.\</path>
         <kind>object</kind>
         <file>Project_Main.obj</file>
         <name>Project_Main.obj</name>
      </input_file>
      <input_file id="fl-3">
         <path>.\</path>
         <kind>object</kind>
         <file>Serial.obj</file>
         <name>Serial.obj</name>
      </input_file>
      <input_file id="fl-4">
         <path>.\</path>
         <kind>object</kind>
         <file>lcd.obj</file>
         <name>lcd.obj</name>
      </input_file>
      <input_file id="fl-5">
         <path>.\</path>
         <kind>object</kind>
         <file>promain.obj</file>
         <name>promain.obj</name>
      </input_file>
      <input_file id="fl-6">
         <path>.\</path>
         <kind>object</kind>
         <file>speaker.obj</file>
         <name>speaker.obj</name>
      </input_file>
      <input_file id="fl-7">
         <path>.\</path>
         <kind>object</kind>
         <file>startup_msp432p401r_ccs.obj</file>
         <name>startup_msp432p401r_ccs.obj</name>
      </input_file>
      <input_file id="fl-8">
         <path>.\</path>
         <kind>object</kind>
         <file>system_msp432p401r.obj</file>
         <name>system_msp432p401r.obj</name>
      </input_file>
      <input_file id="fl-9">
         <path>.\</path>
         <kind>object</kind>
         <file>temp.obj</file>
         <name>temp.obj</name>
      </input_file>
      <input_file id="fl-d">
         <kind>object</kind>
         <file>&lt;internal&gt;</file>
         <name>&lt;internal&gt;</name>
      </input_file>
      <input_file id="fl-c3">
         <path>C:\ti\ccs810\ccsv8\tools\compiler\ti-cgt-arm_18.1.3.LTS\lib\</path>
         <kind>archive</kind>
         <file>rtsv7M4_T_le_v4SPD16_eabi.lib</file>
         <name>e_pow.c.obj</name>
      </input_file>
      <input_file id="fl-c4">
         <path>C:\ti\ccs810\ccsv8\tools\compiler\ti-cgt-arm_18.1.3.LTS\lib\</path>
         <kind>archive</kind>
         <file>rtsv7M4_T_le_v4SPD16_eabi.lib</file>
         <name>e_sqrt.c.obj</name>
      </input_file>
      <input_file id="fl-c5">
         <path>C:\ti\ccs810\ccsv8\tools\compiler\ti-cgt-arm_18.1.3.LTS\lib\</path>
         <kind>archive</kind>
         <file>rtsv7M4_T_le_v4SPD16_eabi.lib</file>
         <name>s_scalbn.c.obj</name>
      </input_file>
      <input_file id="fl-c6">
         <path>C:\ti\ccs810\ccsv8\tools\compiler\ti-cgt-arm_18.1.3.LTS\lib\</path>
         <kind>archive</kind>
         <file>rtsv7M4_T_le_v4SPD16_eabi.lib</file>
         <name>s_copysign.c.obj</name>
      </input_file>
      <input_file id="fl-c7">
         <path>C:\ti\ccs810\ccsv8\tools\compiler\ti-cgt-arm_18.1.3.LTS\lib\</path>
         <kind>archive</kind>
         <file>rtsv7M4_T_le_v4SPD16_eabi.lib</file>
         <name>fd_add_t2.asm.obj</name>
      </input_file>
      <input_file id="fl-c8">
         <path>C:\ti\ccs810\ccsv8\tools\compiler\ti-cgt-arm_18.1.3.LTS\lib\</path>
         <kind>archive</kind>
         <file>rtsv7M4_T_le_v4SPD16_eabi.lib</file>
         <name>fd_cmp_t2.asm.obj</name>
      </input_file>
      <input_file id="fl-c9">
         <path>C:\ti\ccs810\ccsv8\tools\compiler\ti-cgt-arm_18.1.3.LTS\lib\</path>
         <kind>archive</kind>
         <file>rtsv7M4_T_le_v4SPD16_eabi.lib</file>
         <name>fd_div_t2.asm.obj</name>
      </input_file>
      <input_file id="fl-ca">
         <path>C:\ti\ccs810\ccsv8\tools\compiler\ti-cgt-arm_18.1.3.LTS\lib\</path>
         <kind>archive</kind>
         <file>rtsv7M4_T_le_v4SPD16_eabi.lib</file>
         <name>fd_mul_t2.asm.obj</name>
      </input_file>
      <input_file id="fl-cb">
         <path>C:\ti\ccs810\ccsv8\tools\compiler\ti-cgt-arm_18.1.3.LTS\lib\</path>
         <kind>archive</kind>
         <file>rtsv7M4_T_le_v4SPD16_eabi.lib</file>
         <name>fd_toi_t2.asm.obj</name>
      </input_file>
      <input_file id="fl-cc">
         <path>C:\ti\ccs810\ccsv8\tools\compiler\ti-cgt-arm_18.1.3.LTS\lib\</path>
         <kind>archive</kind>
         <file>rtsv7M4_T_le_v4SPD16_eabi.lib</file>
         <name>fd_tos_t2.asm.obj</name>
      </input_file>
      <input_file id="fl-cd">
         <path>C:\ti\ccs810\ccsv8\tools\compiler\ti-cgt-arm_18.1.3.LTS\lib\</path>
         <kind>archive</kind>
         <file>rtsv7M4_T_le_v4SPD16_eabi.lib</file>
         <name>fs_tod_t2.asm.obj</name>
      </input_file>
      <input_file id="fl-ce">
         <path>C:\ti\ccs810\ccsv8\tools\compiler\ti-cgt-arm_18.1.3.LTS\lib\</path>
         <kind>archive</kind>
         <file>rtsv7M4_T_le_v4SPD16_eabi.lib</file>
         <name>i_tofd_t2.asm.obj</name>
      </input_file>
      <input_file id="fl-cf">
         <path>C:\ti\ccs810\ccsv8\tools\compiler\ti-cgt-arm_18.1.3.LTS\lib\</path>
         <kind>archive</kind>
         <file>rtsv7M4_T_le_v4SPD16_eabi.lib</file>
         <name>u_tofd_t2.asm.obj</name>
      </input_file>
      <input_file id="fl-d0">
         <path>C:\ti\ccs810\ccsv8\tools\compiler\ti-cgt-arm_18.1.3.LTS\lib\</path>
         <kind>archive</kind>
         <file>rtsv7M4_T_le_v4SPD16_eabi.lib</file>
         <name>copy_zero_init.c.obj</name>
      </input_file>
      <input_file id="fl-d1">
         <path>C:\ti\ccs810\ccsv8\tools\compiler\ti-cgt-arm_18.1.3.LTS\lib\</path>
         <kind>archive</kind>
         <file>rtsv7M4_T_le_v4SPD16_eabi.lib</file>
         <name>copy_decompress_none.c.obj</name>
      </input_file>
      <input_file id="fl-d2">
         <path>C:\ti\ccs810\ccsv8\tools\compiler\ti-cgt-arm_18.1.3.LTS\lib\</path>
         <kind>archive</kind>
         <file>rtsv7M4_T_le_v4SPD16_eabi.lib</file>
         <name>copy_decompress_lzss.c.obj</name>
      </input_file>
      <input_file id="fl-d3">
         <path>C:\ti\ccs810\ccsv8\tools\compiler\ti-cgt-arm_18.1.3.LTS\lib\</path>
         <kind>archive</kind>
         <file>rtsv7M4_T_le_v4SPD16_eabi.lib</file>
         <name>sprintf.c.obj</name>
      </input_file>
      <input_file id="fl-d4">
         <path>C:\ti\ccs810\ccsv8\tools\compiler\ti-cgt-arm_18.1.3.LTS\lib\</path>
         <kind>archive</kind>
         <file>rtsv7M4_T_le_v4SPD16_eabi.lib</file>
         <name>strcmp.c.obj</name>
      </input_file>
      <input_file id="fl-d5">
         <path>C:\ti\ccs810\ccsv8\tools\compiler\ti-cgt-arm_18.1.3.LTS\lib\</path>
         <kind>archive</kind>
         <file>rtsv7M4_T_le_v4SPD16_eabi.lib</file>
         <name>strlen.c.obj</name>
      </input_file>
      <input_file id="fl-d6">
         <path>C:\ti\ccs810\ccsv8\tools\compiler\ti-cgt-arm_18.1.3.LTS\lib\</path>
         <kind>archive</kind>
         <file>rtsv7M4_T_le_v4SPD16_eabi.lib</file>
         <name>errno.c.obj</name>
      </input_file>
      <input_file id="fl-d7">
         <path>C:\ti\ccs810\ccsv8\tools\compiler\ti-cgt-arm_18.1.3.LTS\lib\</path>
         <kind>archive</kind>
         <file>rtsv7M4_T_le_v4SPD16_eabi.lib</file>
         <name>boot_cortex_m.c.obj</name>
      </input_file>
      <input_file id="fl-d8">
         <path>C:\ti\ccs810\ccsv8\tools\compiler\ti-cgt-arm_18.1.3.LTS\lib\</path>
         <kind>archive</kind>
         <file>rtsv7M4_T_le_v4SPD16_eabi.lib</file>
         <name>memset_t2.asm.obj</name>
      </input_file>
      <input_file id="fl-d9">
         <path>C:\ti\ccs810\ccsv8\tools\compiler\ti-cgt-arm_18.1.3.LTS\lib\</path>
         <kind>archive</kind>
         <file>rtsv7M4_T_le_v4SPD16_eabi.lib</file>
         <name>memcpy_t2.asm.obj</name>
      </input_file>
      <input_file id="fl-da">
         <path>C:\ti\ccs810\ccsv8\tools\compiler\ti-cgt-arm_18.1.3.LTS\lib\</path>
         <kind>archive</kind>
         <file>rtsv7M4_T_le_v4SPD16_eabi.lib</file>
         <name>autoinit.c.obj</name>
      </input_file>
      <input_file id="fl-db">
         <path>C:\ti\ccs810\ccsv8\tools\compiler\ti-cgt-arm_18.1.3.LTS\lib\</path>
         <kind>archive</kind>
         <file>rtsv7M4_T_le_v4SPD16_eabi.lib</file>
         <name>pre_init.c.obj</name>
      </input_file>
      <input_file id="fl-dc">
         <path>C:\ti\ccs810\ccsv8\tools\compiler\ti-cgt-arm_18.1.3.LTS\lib\</path>
         <kind>archive</kind>
         <file>rtsv7M4_T_le_v4SPD16_eabi.lib</file>
         <name>cpy_tbl.c.obj</name>
      </input_file>
      <input_file id="fl-dd">
         <path>C:\ti\ccs810\ccsv8\tools\compiler\ti-cgt-arm_18.1.3.LTS\lib\</path>
         <kind>archive</kind>
         <file>rtsv7M4_T_le_v4SPD16_eabi.lib</file>
         <name>exit.c.obj</name>
      </input_file>
      <input_file id="fl-de">
         <path>C:\ti\ccs810\ccsv8\tools\compiler\ti-cgt-arm_18.1.3.LTS\lib\</path>
         <kind>archive</kind>
         <file>rtsv7M4_T_le_v4SPD16_eabi.lib</file>
         <name>_lock.c.obj</name>
      </input_file>
      <input_file id="fl-df">
         <path>C:\ti\ccs810\ccsv8\tools\compiler\ti-cgt-arm_18.1.3.LTS\lib\</path>
         <kind>archive</kind>
         <file>rtsv7M4_T_le_v4SPD16_eabi.lib</file>
         <name>_printfi.c.obj</name>
      </input_file>
      <input_file id="fl-e0">
         <path>C:\ti\ccs810\ccsv8\tools\compiler\ti-cgt-arm_18.1.3.LTS\lib\</path>
         <kind>archive</kind>
         <file>rtsv7M4_T_le_v4SPD16_eabi.lib</file>
         <name>args_main.c.obj</name>
      </input_file>
      <input_file id="fl-e1">
         <path>C:\ti\ccs810\ccsv8\tools\compiler\ti-cgt-arm_18.1.3.LTS\lib\</path>
         <kind>archive</kind>
         <file>rtsv7M4_T_le_v4SPD16_eabi.lib</file>
         <name>atoi.c.obj</name>
      </input_file>
      <input_file id="fl-e2">
         <path>C:\ti\ccs810\ccsv8\tools\compiler\ti-cgt-arm_18.1.3.LTS\lib\</path>
         <kind>archive</kind>
         <file>rtsv7M4_T_le_v4SPD16_eabi.lib</file>
         <name>ctype.c.obj</name>
      </input_file>
      <input_file id="fl-e3">
         <path>C:\ti\ccs810\ccsv8\tools\compiler\ti-cgt-arm_18.1.3.LTS\lib\</path>
         <kind>archive</kind>
         <file>rtsv7M4_T_le_v4SPD16_eabi.lib</file>
         <name>ltoa.c.obj</name>
      </input_file>
      <input_file id="fl-e4">
         <path>C:\ti\ccs810\ccsv8\tools\compiler\ti-cgt-arm_18.1.3.LTS\lib\</path>
         <kind>archive</kind>
         <file>rtsv7M4_T_le_v4SPD16_eabi.lib</file>
         <name>memccpy.c.obj</name>
      </input_file>
      <input_file id="fl-e5">
         <path>C:\ti\ccs810\ccsv8\tools\compiler\ti-cgt-arm_18.1.3.LTS\lib\</path>
         <kind>archive</kind>
         <file>rtsv7M4_T_le_v4SPD16_eabi.lib</file>
         <name>strchr.c.obj</name>
      </input_file>
      <input_file id="fl-e6">
         <path>C:\ti\ccs810\ccsv8\tools\compiler\ti-cgt-arm_18.1.3.LTS\lib\</path>
         <kind>archive</kind>
         <file>rtsv7M4_T_le_v4SPD16_eabi.lib</file>
         <name>s_frexp.c.obj</name>
      </input_file>
      <input_file id="fl-e7">
         <path>C:\ti\ccs810\ccsv8\tools\compiler\ti-cgt-arm_18.1.3.LTS\lib\</path>
         <kind>archive</kind>
         <file>rtsv7M4_T_le_v4SPD16_eabi.lib</file>
         <name>wcslen.c.obj</name>
      </input_file>
      <input_file id="fl-e8">
         <path>C:\ti\ccs810\ccsv8\tools\compiler\ti-cgt-arm_18.1.3.LTS\lib\</path>
         <kind>archive</kind>
         <file>rtsv7M4_T_le_v4SPD16_eabi.lib</file>
         <name>ull_div_t2.asm.obj</name>
      </input_file>
      <input_file id="fl-e9">
         <path>C:\ti\ccs810\ccsv8\tools\compiler\ti-cgt-arm_18.1.3.LTS\lib\</path>
         <kind>archive</kind>
         <file>rtsv7M4_T_le_v4SPD16_eabi.lib</file>
         <name>div0.asm.obj</name>
      </input_file>
   </input_file_list>
   <object_component_list>
      <object_component id="oc-23">
         <name>.intvecs:retain</name>
         <load_address>0x0</load_address>
         <run_address>0x0</run_address>
         <size>0xe4</size>
         <input_file_ref idref="fl-7"/>
      </object_component>
      <object_component id="oc-70">
         <name>.text</name>
         <load_address>0xe4</load_address>
         <run_address>0xe4</run_address>
         <size>0x1ef4</size>
         <input_file_ref idref="fl-2"/>
      </object_component>
      <object_component id="oc-1bd">
         <name>.text:__TI_printfi</name>
         <load_address>0x1fd8</load_address>
         <run_address>0x1fd8</run_address>
         <size>0xa5e</size>
         <input_file_ref idref="fl-df"/>
      </object_component>
      <object_component id="oc-32c">
         <name>.text</name>
         <load_address>0x2a36</load_address>
         <run_address>0x2a36</run_address>
         <size>0x2</size>
         <input_file_ref idref="fl-e9"/>
      </object_component>
      <object_component id="oc-19a">
         <name>.text:pow</name>
         <load_address>0x2a38</load_address>
         <run_address>0x2a38</run_address>
         <size>0x9c0</size>
         <input_file_ref idref="fl-c3"/>
      </object_component>
      <object_component id="oc-c1">
         <name>.text</name>
         <load_address>0x33f8</load_address>
         <run_address>0x33f8</run_address>
         <size>0x444</size>
         <input_file_ref idref="fl-5"/>
      </object_component>
      <object_component id="oc-a8">
         <name>.text</name>
         <load_address>0x383c</load_address>
         <run_address>0x383c</run_address>
         <size>0x334</size>
         <input_file_ref idref="fl-8"/>
      </object_component>
      <object_component id="oc-252">
         <name>.text:_pconv_a</name>
         <load_address>0x3b70</load_address>
         <run_address>0x3b70</run_address>
         <size>0x270</size>
         <input_file_ref idref="fl-df"/>
      </object_component>
      <object_component id="oc-c7">
         <name>.text</name>
         <load_address>0x3de0</load_address>
         <run_address>0x3de0</run_address>
         <size>0x1ec</size>
         <input_file_ref idref="fl-9"/>
      </object_component>
      <object_component id="oc-240">
         <name>.text:_pconv_g</name>
         <load_address>0x3fcc</load_address>
         <run_address>0x3fcc</run_address>
         <size>0x1d0</size>
         <input_file_ref idref="fl-df"/>
      </object_component>
      <object_component id="oc-f4">
         <name>.text</name>
         <load_address>0x419c</load_address>
         <run_address>0x419c</run_address>
         <size>0x1b6</size>
         <input_file_ref idref="fl-c7"/>
      </object_component>
      <object_component id="oc-6a">
         <name>.text</name>
         <load_address>0x4354</load_address>
         <run_address>0x4354</run_address>
         <size>0x19c</size>
         <input_file_ref idref="fl-3"/>
      </object_component>
      <object_component id="oc-204">
         <name>.text:sqrt</name>
         <load_address>0x44f0</load_address>
         <run_address>0x44f0</run_address>
         <size>0x158</size>
         <input_file_ref idref="fl-c4"/>
      </object_component>
      <object_component id="oc-24c">
         <name>.text:_pconv_e</name>
         <load_address>0x4648</load_address>
         <run_address>0x4648</run_address>
         <size>0x13c</size>
         <input_file_ref idref="fl-df"/>
      </object_component>
      <object_component id="oc-cd">
         <name>.text</name>
         <load_address>0x4784</load_address>
         <run_address>0x4784</run_address>
         <size>0x138</size>
         <input_file_ref idref="fl-4"/>
      </object_component>
      <object_component id="oc-1a0">
         <name>.text</name>
         <load_address>0x48bc</load_address>
         <run_address>0x48bc</run_address>
         <size>0x136</size>
         <input_file_ref idref="fl-c9"/>
      </object_component>
      <object_component id="oc-2d5">
         <name>.text:fcvt</name>
         <load_address>0x49f4</load_address>
         <run_address>0x49f4</run_address>
         <size>0x120</size>
         <input_file_ref idref="fl-df"/>
      </object_component>
      <object_component id="oc-222">
         <name>.text:scalbn</name>
         <load_address>0x4b14</load_address>
         <run_address>0x4b14</run_address>
         <size>0x110</size>
         <input_file_ref idref="fl-c5"/>
      </object_component>
      <object_component id="oc-ef">
         <name>.text</name>
         <load_address>0x4c24</load_address>
         <run_address>0x4c24</run_address>
         <size>0xfc</size>
         <input_file_ref idref="fl-ca"/>
      </object_component>
      <object_component id="oc-23a">
         <name>.text:_ltostr</name>
         <load_address>0x4d20</load_address>
         <run_address>0x4d20</run_address>
         <size>0xb1</size>
         <input_file_ref idref="fl-df"/>
      </object_component>
      <object_component id="oc-34">
         <name>.text</name>
         <load_address>0x4dd2</load_address>
         <run_address>0x4dd2</run_address>
         <size>0x9c</size>
         <input_file_ref idref="fl-d9"/>
      </object_component>
      <object_component id="oc-2bc">
         <name>.text</name>
         <load_address>0x4e6e</load_address>
         <run_address>0x4e6e</run_address>
         <size>0x96</size>
         <input_file_ref idref="fl-e8"/>
      </object_component>
      <object_component id="oc-218">
         <name>.text:__aeabi_cdcmple</name>
         <load_address>0x4f04</load_address>
         <run_address>0x4f04</run_address>
         <size>0x86</size>
         <input_file_ref idref="fl-c8"/>
      </object_component>
      <object_component id="oc-21d">
         <name>.text:__aeabi_cdrcmple</name>
         <load_address>0x4f8a</load_address>
         <run_address>0x4f8a</run_address>
         <size>0x86</size>
         <input_file_ref idref="fl-c8"/>
      </object_component>
      <object_component id="oc-90">
         <name>.text</name>
         <load_address>0x5010</load_address>
         <run_address>0x5010</run_address>
         <size>0x7a</size>
         <input_file_ref idref="fl-d8"/>
      </object_component>
      <object_component id="oc-2ce">
         <name>.text:_mcpy</name>
         <load_address>0x508a</load_address>
         <run_address>0x508a</run_address>
         <size>0x6e</size>
         <input_file_ref idref="fl-df"/>
      </object_component>
      <object_component id="oc-f9">
         <name>.text</name>
         <load_address>0x50f8</load_address>
         <run_address>0x50f8</run_address>
         <size>0x6e</size>
         <input_file_ref idref="fl-cc"/>
      </object_component>
      <object_component id="oc-14">
         <name>.text:decompress:lzss:__TI_decompress_lzss</name>
         <load_address>0x5166</load_address>
         <run_address>0x5166</run_address>
         <size>0x68</size>
         <input_file_ref idref="fl-d2"/>
      </object_component>
      <object_component id="oc-2e3">
         <name>.text:frexp</name>
         <load_address>0x51d0</load_address>
         <run_address>0x51d0</run_address>
         <size>0x64</size>
         <input_file_ref idref="fl-e6"/>
      </object_component>
      <object_component id="oc-246">
         <name>.text:_pconv_f</name>
         <load_address>0x5234</load_address>
         <run_address>0x5234</run_address>
         <size>0x56</size>
         <input_file_ref idref="fl-df"/>
      </object_component>
      <object_component id="oc-2c2">
         <name>.text:ltoa</name>
         <load_address>0x528a</load_address>
         <run_address>0x528a</run_address>
         <size>0x54</size>
         <input_file_ref idref="fl-e3"/>
      </object_component>
      <object_component id="oc-2c8">
         <name>.text:_ecpy</name>
         <load_address>0x52de</load_address>
         <run_address>0x52de</run_address>
         <size>0x52</size>
         <input_file_ref idref="fl-df"/>
      </object_component>
      <object_component id="oc-234">
         <name>.text:atoi</name>
         <load_address>0x5330</load_address>
         <run_address>0x5330</run_address>
         <size>0x4c</size>
         <input_file_ref idref="fl-e1"/>
      </object_component>
      <object_component id="oc-1a5">
         <name>.text</name>
         <load_address>0x537c</load_address>
         <run_address>0x537c</run_address>
         <size>0x48</size>
         <input_file_ref idref="fl-cb"/>
      </object_component>
      <object_component id="oc-140">
         <name>.text:__TI_auto_init_nobinit_nopinit:__TI_auto_init_nobinit_nopinit</name>
         <load_address>0x53c4</load_address>
         <run_address>0x53c4</run_address>
         <size>0x44</size>
         <input_file_ref idref="fl-da"/>
      </object_component>
      <object_component id="oc-d3">
         <name>.text</name>
         <load_address>0x5408</load_address>
         <run_address>0x5408</run_address>
         <size>0x44</size>
         <input_file_ref idref="fl-6"/>
      </object_component>
      <object_component id="oc-109">
         <name>.text:sprintf</name>
         <load_address>0x544c</load_address>
         <run_address>0x544c</run_address>
         <size>0x40</size>
         <input_file_ref idref="fl-d3"/>
      </object_component>
      <object_component id="oc-2db">
         <name>.text:_fcpy</name>
         <load_address>0x548c</load_address>
         <run_address>0x548c</run_address>
         <size>0x3e</size>
         <input_file_ref idref="fl-df"/>
      </object_component>
      <object_component id="oc-52">
         <name>.text:_c_int00_noargs:_c_int00_noargs</name>
         <load_address>0x54cc</load_address>
         <run_address>0x54cc</run_address>
         <size>0x38</size>
         <input_file_ref idref="fl-d7"/>
      </object_component>
      <object_component id="oc-ea">
         <name>.text</name>
         <load_address>0x5504</load_address>
         <run_address>0x5504</run_address>
         <size>0x38</size>
         <input_file_ref idref="fl-cd"/>
      </object_component>
      <object_component id="oc-210">
         <name>.text</name>
         <load_address>0x553c</load_address>
         <run_address>0x553c</run_address>
         <size>0x2e</size>
         <input_file_ref idref="fl-ce"/>
      </object_component>
      <object_component id="oc-195">
         <name>.text</name>
         <load_address>0x556a</load_address>
         <run_address>0x556a</run_address>
         <size>0x20</size>
         <input_file_ref idref="fl-cf"/>
      </object_component>
      <object_component id="oc-258">
         <name>.text:memccpy</name>
         <load_address>0x558a</load_address>
         <run_address>0x558a</run_address>
         <size>0x1c</size>
         <input_file_ref idref="fl-e4"/>
      </object_component>
      <object_component id="oc-1c3">
         <name>.text:_outs</name>
         <load_address>0x55a6</load_address>
         <run_address>0x55a6</run_address>
         <size>0x18</size>
         <input_file_ref idref="fl-d3"/>
      </object_component>
      <object_component id="oc-10f">
         <name>.text:strcmp</name>
         <load_address>0x55be</load_address>
         <run_address>0x55be</run_address>
         <size>0x18</size>
         <input_file_ref idref="fl-d4"/>
      </object_component>
      <object_component id="oc-2e9">
         <name>.text:strchr</name>
         <load_address>0x55d6</load_address>
         <run_address>0x55d6</run_address>
         <size>0x16</size>
         <input_file_ref idref="fl-e5"/>
      </object_component>
      <object_component id="oc-2a3">
         <name>.text:copysign</name>
         <load_address>0x55ec</load_address>
         <run_address>0x55ec</run_address>
         <size>0x14</size>
         <input_file_ref idref="fl-c6"/>
      </object_component>
      <object_component id="oc-103">
         <name>.text:strlen</name>
         <load_address>0x5600</load_address>
         <run_address>0x5600</run_address>
         <size>0x14</size>
         <input_file_ref idref="fl-d5"/>
      </object_component>
      <object_component id="oc-40">
         <name>.text:decompress:ZI:__TI_zero_init_nomemset:__TI_zero_init_nomemset</name>
         <load_address>0x5614</load_address>
         <run_address>0x5614</run_address>
         <size>0x12</size>
         <input_file_ref idref="fl-d0"/>
      </object_component>
      <object_component id="oc-25e">
         <name>.text:wcslen</name>
         <load_address>0x5626</load_address>
         <run_address>0x5626</run_address>
         <size>0x12</size>
         <input_file_ref idref="fl-e7"/>
      </object_component>
      <object_component id="oc-1a">
         <name>.text:decompress:none:__TI_decompress_none</name>
         <load_address>0x5638</load_address>
         <run_address>0x5638</run_address>
         <size>0xe</size>
         <input_file_ref idref="fl-d1"/>
      </object_component>
      <object_component id="oc-64">
         <name>.text</name>
         <load_address>0x5646</load_address>
         <run_address>0x5646</run_address>
         <size>0xe</size>
         <input_file_ref idref="fl-7"/>
      </object_component>
      <object_component id="oc-1c9">
         <name>.text:_outc</name>
         <load_address>0x5654</load_address>
         <run_address>0x5654</run_address>
         <size>0xa</size>
         <input_file_ref idref="fl-d3"/>
      </object_component>
      <object_component id="oc-20a">
         <name>.text:__aeabi_errno_addr</name>
         <load_address>0x5660</load_address>
         <run_address>0x5660</run_address>
         <size>0x8</size>
         <input_file_ref idref="fl-d6"/>
      </object_component>
      <object_component id="oc-96">
         <name>.text:_system_pre_init</name>
         <load_address>0x5668</load_address>
         <run_address>0x5668</run_address>
         <size>0x4</size>
         <input_file_ref idref="fl-db"/>
      </object_component>
      <object_component id="oc-134">
         <name>.text:abort:abort</name>
         <load_address>0x566c</load_address>
         <run_address>0x566c</run_address>
         <size>0x4</size>
         <input_file_ref idref="fl-dd"/>
      </object_component>
      <object_component id="oc-2b7">
         <name>.const:.string:_ctypes_</name>
         <load_address>0x5670</load_address>
         <run_address>0x5670</run_address>
         <size>0x101</size>
         <input_file_ref idref="fl-e2"/>
      </object_component>
      <object_component id="oc-215">
         <name>.const:$O1$$</name>
         <load_address>0x5778</load_address>
         <run_address>0x5778</run_address>
         <size>0x30</size>
         <input_file_ref idref="fl-c3"/>
      </object_component>
      <object_component id="oc-382">
         <name>.cinit..data.load</name>
         <load_address>0x57a8</load_address>
         <run_address>0x57a8</run_address>
         <size>0x3b</size>
      </object_component>
      <object_component id="oc-380">
         <name>__TI_handler_table</name>
         <load_address>0x57e4</load_address>
         <run_address>0x57e4</run_address>
         <size>0xc</size>
      </object_component>
      <object_component id="oc-383">
         <name>.cinit..bss.load</name>
         <load_address>0x57f0</load_address>
         <run_address>0x57f0</run_address>
         <size>0x8</size>
      </object_component>
      <object_component id="oc-381">
         <name>__TI_cinit_table</name>
         <load_address>0x57f8</load_address>
         <run_address>0x57f8</run_address>
         <size>0x10</size>
      </object_component>
      <object_component id="oc-355">
         <name>.binit</name>
         <load_address>0x0</load_address>
         <run_address>0x0</run_address>
         <size>0x0</size>
      </object_component>
      <object_component id="oc-de">
         <name>.data:timeDisp</name>
         <load_address>0x20000128</load_address>
         <run_address>0x20000128</run_address>
         <size>0xb</size>
         <input_file_ref idref="fl-2"/>
      </object_component>
      <object_component id="oc-e7">
         <name>.data:Blink</name>
         <load_address>0x20000146</load_address>
         <run_address>0x20000146</run_address>
         <size>0x2</size>
         <input_file_ref idref="fl-2"/>
      </object_component>
      <object_component id="oc-e4">
         <name>.data:On</name>
         <load_address>0x20000153</load_address>
         <run_address>0x20000153</run_address>
         <size>0x3</size>
         <input_file_ref idref="fl-2"/>
      </object_component>
      <object_component id="oc-e1">
         <name>.data:Off</name>
         <load_address>0x20000150</load_address>
         <run_address>0x20000150</run_address>
         <size>0x3</size>
         <input_file_ref idref="fl-2"/>
      </object_component>
      <object_component id="oc-119">
         <name>.data:readA</name>
         <load_address>0x20000133</load_address>
         <run_address>0x20000133</run_address>
         <size>0xa</size>
         <input_file_ref idref="fl-2"/>
      </object_component>
      <object_component id="oc-116">
         <name>.data:readT</name>
         <load_address>0x2000013d</load_address>
         <run_address>0x2000013d</run_address>
         <size>0x9</size>
         <input_file_ref idref="fl-2"/>
      </object_component>
      <object_component id="oc-db">
         <name>.data</name>
         <load_address>0x200000e0</load_address>
         <run_address>0x200000e0</run_address>
         <size>0x48</size>
         <input_file_ref idref="fl-2"/>
      </object_component>
      <object_component id="oc-af">
         <name>.data</name>
         <load_address>0x20000156</load_address>
         <run_address>0x20000156</run_address>
         <size>0x2</size>
         <input_file_ref idref="fl-3"/>
      </object_component>
      <object_component id="oc-172">
         <name>.data</name>
         <load_address>0x2000014c</load_address>
         <run_address>0x2000014c</run_address>
         <size>0x4</size>
         <input_file_ref idref="fl-8"/>
      </object_component>
      <object_component id="oc-299">
         <name>.data</name>
         <load_address>0x20000148</load_address>
         <run_address>0x20000148</run_address>
         <size>0x4</size>
         <input_file_ref idref="fl-d6"/>
      </object_component>
      <object_component id="oc-b2">
         <name>.common:INPUT_BUFFER</name>
         <uninitialized>true</uninitialized>
         <run_address>0x20000000</run_address>
         <size>0x64</size>
      </object_component>
      <object_component id="oc-101">
         <name>.common:TempS</name>
         <uninitialized>true</uninitialized>
         <run_address>0x200000c8</run_address>
         <size>0x8</size>
      </object_component>
      <object_component id="oc-115">
         <name>.common:terminal</name>
         <uninitialized>true</uninitialized>
         <run_address>0x20000064</run_address>
         <size>0x64</size>
      </object_component>
      <object_component id="oc-ff">
         <name>.common:bright</name>
         <uninitialized>true</uninitialized>
         <run_address>0x200000d0</run_address>
         <size>0x4</size>
      </object_component>
      <object_component id="oc-da">
         <name>.common:state</name>
         <uninitialized>true</uninitialized>
         <run_address>0x200000de</run_address>
         <size>0x1</size>
      </object_component>
      <object_component id="oc-fe">
         <name>.common:now</name>
         <uninitialized>true</uninitialized>
         <run_address>0x200000d4</run_address>
         <size>0x3</size>
      </object_component>
      <object_component id="oc-102">
         <name>.common:set</name>
         <uninitialized>true</uninitialized>
         <run_address>0x200000d7</run_address>
         <size>0x3</size>
      </object_component>
      <object_component id="oc-d9">
         <name>.common:alarm</name>
         <uninitialized>true</uninitialized>
         <run_address>0x200000da</run_address>
         <size>0x2</size>
      </object_component>
      <object_component id="oc-100">
         <name>.common:snooz</name>
         <uninitialized>true</uninitialized>
         <run_address>0x200000dc</run_address>
         <size>0x2</size>
      </object_component>
      <object_component id="oc-26">
         <name>.stack</name>
         <uninitialized>true</uninitialized>
         <run_address>0x2000fe00</run_address>
         <size>0x4</size>
         <input_file_ref idref="fl-d7"/>
      </object_component>
      <object_component id="oc-384">
         <name>.stack</name>
         <uninitialized>true</uninitialized>
         <run_address>0x2000fe00</run_address>
         <size>0x0</size>
      </object_component>
      <object_component id="oc-b5">
         <name>.debug_info</name>
         <load_address>0x0</load_address>
         <run_address>0x0</run_address>
         <size>0x921</size>
         <input_file_ref idref="fl-2"/>
      </object_component>
      <object_component id="oc-df">
         <name>.debug_info</name>
         <load_address>0x921</load_address>
         <run_address>0x921</run_address>
         <size>0xed</size>
         <input_file_ref idref="fl-2"/>
      </object_component>
      <object_component id="oc-e8">
         <name>.debug_info</name>
         <load_address>0xa0e</load_address>
         <run_address>0xa0e</run_address>
         <size>0xe7</size>
         <input_file_ref idref="fl-2"/>
      </object_component>
      <object_component id="oc-e5">
         <name>.debug_info</name>
         <load_address>0xaf5</load_address>
         <run_address>0xaf5</run_address>
         <size>0xe1</size>
         <input_file_ref idref="fl-2"/>
      </object_component>
      <object_component id="oc-e2">
         <name>.debug_info</name>
         <load_address>0xbd6</load_address>
         <run_address>0xbd6</run_address>
         <size>0xe3</size>
         <input_file_ref idref="fl-2"/>
      </object_component>
      <object_component id="oc-11a">
         <name>.debug_info</name>
         <load_address>0xcb9</load_address>
         <run_address>0xcb9</run_address>
         <size>0xe7</size>
         <input_file_ref idref="fl-2"/>
      </object_component>
      <object_component id="oc-117">
         <name>.debug_info</name>
         <load_address>0xda0</load_address>
         <run_address>0xda0</run_address>
         <size>0xe7</size>
         <input_file_ref idref="fl-2"/>
      </object_component>
      <object_component id="oc-dc">
         <name>.debug_info</name>
         <load_address>0xe87</load_address>
         <run_address>0xe87</run_address>
         <size>0x34a</size>
         <input_file_ref idref="fl-2"/>
      </object_component>
      <object_component id="oc-71">
         <name>.debug_info</name>
         <load_address>0x11d1</load_address>
         <run_address>0x11d1</run_address>
         <size>0x136e</size>
         <input_file_ref idref="fl-2"/>
      </object_component>
      <object_component id="oc-186">
         <name>.debug_info</name>
         <load_address>0x253f</load_address>
         <run_address>0x253f</run_address>
         <size>0x15c</size>
         <input_file_ref idref="fl-2"/>
      </object_component>
      <object_component id="oc-17f">
         <name>.debug_info</name>
         <load_address>0x269b</load_address>
         <run_address>0x269b</run_address>
         <size>0x1055</size>
         <input_file_ref idref="fl-2"/>
      </object_component>
      <object_component id="oc-bc">
         <name>.debug_info</name>
         <load_address>0x36f0</load_address>
         <run_address>0x36f0</run_address>
         <size>0x37e2</size>
         <input_file_ref idref="fl-2"/>
      </object_component>
      <object_component id="oc-11f">
         <name>.debug_info</name>
         <load_address>0x6ed2</load_address>
         <run_address>0x6ed2</run_address>
         <size>0x26b</size>
         <input_file_ref idref="fl-2"/>
      </object_component>
      <object_component id="oc-2f">
         <name>.debug_info</name>
         <load_address>0x713d</load_address>
         <run_address>0x713d</run_address>
         <size>0x84</size>
         <input_file_ref idref="fl-2"/>
      </object_component>
      <object_component id="oc-1dc">
         <name>.debug_info</name>
         <load_address>0x71c1</load_address>
         <run_address>0x71c1</run_address>
         <size>0x297</size>
         <input_file_ref idref="fl-2"/>
      </object_component>
      <object_component id="oc-176">
         <name>.debug_info</name>
         <load_address>0x7458</load_address>
         <run_address>0x7458</run_address>
         <size>0xbb</size>
         <input_file_ref idref="fl-2"/>
      </object_component>
      <object_component id="oc-18b">
         <name>.debug_info</name>
         <load_address>0x7513</load_address>
         <run_address>0x7513</run_address>
         <size>0xcc</size>
         <input_file_ref idref="fl-2"/>
      </object_component>
      <object_component id="oc-1d1">
         <name>.debug_info</name>
         <load_address>0x75df</load_address>
         <run_address>0x75df</run_address>
         <size>0x2c</size>
         <input_file_ref idref="fl-2"/>
      </object_component>
      <object_component id="oc-b7">
         <name>.debug_info</name>
         <load_address>0x760b</load_address>
         <run_address>0x760b</run_address>
         <size>0x57b</size>
         <input_file_ref idref="fl-3"/>
      </object_component>
      <object_component id="oc-b0">
         <name>.debug_info</name>
         <load_address>0x7b86</load_address>
         <run_address>0x7b86</run_address>
         <size>0x122</size>
         <input_file_ref idref="fl-3"/>
      </object_component>
      <object_component id="oc-6b">
         <name>.debug_info</name>
         <load_address>0x7ca8</load_address>
         <run_address>0x7ca8</run_address>
         <size>0x367</size>
         <input_file_ref idref="fl-3"/>
      </object_component>
      <object_component id="oc-ce">
         <name>.debug_info</name>
         <load_address>0x800f</load_address>
         <run_address>0x800f</run_address>
         <size>0x480</size>
         <input_file_ref idref="fl-4"/>
      </object_component>
      <object_component id="oc-b9">
         <name>.debug_info</name>
         <load_address>0x848f</load_address>
         <run_address>0x848f</run_address>
         <size>0x5aa</size>
         <input_file_ref idref="fl-5"/>
      </object_component>
      <object_component id="oc-c2">
         <name>.debug_info</name>
         <load_address>0x8a39</load_address>
         <run_address>0x8a39</run_address>
         <size>0x286</size>
         <input_file_ref idref="fl-5"/>
      </object_component>
      <object_component id="oc-b3">
         <name>.debug_info</name>
         <load_address>0x8cbf</load_address>
         <run_address>0x8cbf</run_address>
         <size>0x5cc</size>
         <input_file_ref idref="fl-6"/>
      </object_component>
      <object_component id="oc-d4">
         <name>.debug_info</name>
         <load_address>0x928b</load_address>
         <run_address>0x928b</run_address>
         <size>0x13d</size>
         <input_file_ref idref="fl-6"/>
      </object_component>
      <object_component id="oc-78">
         <name>.debug_info</name>
         <load_address>0x93c8</load_address>
         <run_address>0x93c8</run_address>
         <size>0x2dc</size>
         <input_file_ref idref="fl-7"/>
      </object_component>
      <object_component id="oc-24">
         <name>.debug_info</name>
         <load_address>0x96a4</load_address>
         <run_address>0x96a4</run_address>
         <size>0x108</size>
         <input_file_ref idref="fl-7"/>
      </object_component>
      <object_component id="oc-65">
         <name>.debug_info</name>
         <load_address>0x97ac</load_address>
         <run_address>0x97ac</run_address>
         <size>0x1cf</size>
         <input_file_ref idref="fl-7"/>
      </object_component>
      <object_component id="oc-173">
         <name>.debug_info</name>
         <load_address>0x997b</load_address>
         <run_address>0x997b</run_address>
         <size>0x101</size>
         <input_file_ref idref="fl-8"/>
      </object_component>
      <object_component id="oc-a9">
         <name>.debug_info</name>
         <load_address>0x9a7c</load_address>
         <run_address>0x9a7c</run_address>
         <size>0x273</size>
         <input_file_ref idref="fl-8"/>
      </object_component>
      <object_component id="oc-ca">
         <name>.debug_info</name>
         <load_address>0x9cef</load_address>
         <run_address>0x9cef</run_address>
         <size>0x397</size>
         <input_file_ref idref="fl-9"/>
      </object_component>
      <object_component id="oc-22e">
         <name>.debug_info</name>
         <load_address>0xa086</load_address>
         <run_address>0xa086</run_address>
         <size>0x358</size>
         <input_file_ref idref="fl-c3"/>
      </object_component>
      <object_component id="oc-216">
         <name>.debug_info</name>
         <load_address>0xa3de</load_address>
         <run_address>0xa3de</run_address>
         <size>0x11d</size>
         <input_file_ref idref="fl-c3"/>
      </object_component>
      <object_component id="oc-19b">
         <name>.debug_info</name>
         <load_address>0xa4fb</load_address>
         <run_address>0xa4fb</run_address>
         <size>0xbd9</size>
         <input_file_ref idref="fl-c3"/>
      </object_component>
      <object_component id="oc-2b0">
         <name>.debug_info</name>
         <load_address>0xb0d4</load_address>
         <run_address>0xb0d4</run_address>
         <size>0x46</size>
         <input_file_ref idref="fl-c3"/>
      </object_component>
      <object_component id="oc-229">
         <name>.debug_info</name>
         <load_address>0xb11a</load_address>
         <run_address>0xb11a</run_address>
         <size>0x39</size>
         <input_file_ref idref="fl-c3"/>
      </object_component>
      <object_component id="oc-298">
         <name>.debug_info</name>
         <load_address>0xb153</load_address>
         <run_address>0xb153</run_address>
         <size>0x2bf</size>
         <input_file_ref idref="fl-c4"/>
      </object_component>
      <object_component id="oc-205">
         <name>.debug_info</name>
         <load_address>0xb412</load_address>
         <run_address>0xb412</run_address>
         <size>0x242</size>
         <input_file_ref idref="fl-c4"/>
      </object_component>
      <object_component id="oc-2aa">
         <name>.debug_info</name>
         <load_address>0xb654</load_address>
         <run_address>0xb654</run_address>
         <size>0x2f2</size>
         <input_file_ref idref="fl-c5"/>
      </object_component>
      <object_component id="oc-223">
         <name>.debug_info</name>
         <load_address>0xb946</load_address>
         <run_address>0xb946</run_address>
         <size>0x21a</size>
         <input_file_ref idref="fl-c5"/>
      </object_component>
      <object_component id="oc-322">
         <name>.debug_info</name>
         <load_address>0xbb60</load_address>
         <run_address>0xbb60</run_address>
         <size>0x39</size>
         <input_file_ref idref="fl-c5"/>
      </object_component>
      <object_component id="oc-2ab">
         <name>.debug_info</name>
         <load_address>0xbb99</load_address>
         <run_address>0xbb99</run_address>
         <size>0x2c</size>
         <input_file_ref idref="fl-c5"/>
      </object_component>
      <object_component id="oc-2a4">
         <name>.debug_info</name>
         <load_address>0xbbc5</load_address>
         <run_address>0xbbc5</run_address>
         <size>0x156</size>
         <input_file_ref idref="fl-c6"/>
      </object_component>
      <object_component id="oc-f7">
         <name>.debug_info</name>
         <load_address>0xbd1b</load_address>
         <run_address>0xbd1b</run_address>
         <size>0x144</size>
         <input_file_ref idref="fl-c7"/>
      </object_component>
      <object_component id="oc-21b">
         <name>.debug_info</name>
         <load_address>0xbe5f</load_address>
         <run_address>0xbe5f</run_address>
         <size>0x120</size>
         <input_file_ref idref="fl-c8"/>
      </object_component>
      <object_component id="oc-220">
         <name>.debug_info</name>
         <load_address>0xbf7f</load_address>
         <run_address>0xbf7f</run_address>
         <size>0x122</size>
         <input_file_ref idref="fl-c8"/>
      </object_component>
      <object_component id="oc-1a2">
         <name>.debug_info</name>
         <load_address>0xc0a1</load_address>
         <run_address>0xc0a1</run_address>
         <size>0x132</size>
         <input_file_ref idref="fl-c9"/>
      </object_component>
      <object_component id="oc-f1">
         <name>.debug_info</name>
         <load_address>0xc1d3</load_address>
         <run_address>0xc1d3</run_address>
         <size>0x132</size>
         <input_file_ref idref="fl-ca"/>
      </object_component>
      <object_component id="oc-1a6">
         <name>.debug_info</name>
         <load_address>0xc305</load_address>
         <run_address>0xc305</run_address>
         <size>0x126</size>
         <input_file_ref idref="fl-cb"/>
      </object_component>
      <object_component id="oc-fa">
         <name>.debug_info</name>
         <load_address>0xc42b</load_address>
         <run_address>0xc42b</run_address>
         <size>0x136</size>
         <input_file_ref idref="fl-cc"/>
      </object_component>
      <object_component id="oc-ed">
         <name>.debug_info</name>
         <load_address>0xc561</load_address>
         <run_address>0xc561</run_address>
         <size>0x124</size>
         <input_file_ref idref="fl-cd"/>
      </object_component>
      <object_component id="oc-211">
         <name>.debug_info</name>
         <load_address>0xc685</load_address>
         <run_address>0xc685</run_address>
         <size>0x124</size>
         <input_file_ref idref="fl-ce"/>
      </object_component>
      <object_component id="oc-196">
         <name>.debug_info</name>
         <load_address>0xc7a9</load_address>
         <run_address>0xc7a9</run_address>
         <size>0x126</size>
         <input_file_ref idref="fl-cf"/>
      </object_component>
      <object_component id="oc-8f">
         <name>.debug_info</name>
         <load_address>0xc8cf</load_address>
         <run_address>0xc8cf</run_address>
         <size>0x313</size>
         <input_file_ref idref="fl-d0"/>
      </object_component>
      <object_component id="oc-42">
         <name>.debug_info</name>
         <load_address>0xcbe2</load_address>
         <run_address>0xcbe2</run_address>
         <size>0x1b4</size>
         <input_file_ref idref="fl-d0"/>
      </object_component>
      <object_component id="oc-8a">
         <name>.debug_info</name>
         <load_address>0xcd96</load_address>
         <run_address>0xcd96</run_address>
         <size>0x46</size>
         <input_file_ref idref="fl-d0"/>
      </object_component>
      <object_component id="oc-12b">
         <name>.debug_info</name>
         <load_address>0xcddc</load_address>
         <run_address>0xcddc</run_address>
         <size>0x2c</size>
         <input_file_ref idref="fl-d0"/>
      </object_component>
      <object_component id="oc-3f">
         <name>.debug_info</name>
         <load_address>0xce08</load_address>
         <run_address>0xce08</run_address>
         <size>0x29d</size>
         <input_file_ref idref="fl-d1"/>
      </object_component>
      <object_component id="oc-1b">
         <name>.debug_info</name>
         <load_address>0xd0a5</load_address>
         <run_address>0xd0a5</run_address>
         <size>0x1df</size>
         <input_file_ref idref="fl-d1"/>
      </object_component>
      <object_component id="oc-3a">
         <name>.debug_info</name>
         <load_address>0xd284</load_address>
         <run_address>0xd284</run_address>
         <size>0x46</size>
         <input_file_ref idref="fl-d1"/>
      </object_component>
      <object_component id="oc-82">
         <name>.debug_info</name>
         <load_address>0xd2ca</load_address>
         <run_address>0xd2ca</run_address>
         <size>0x2c</size>
         <input_file_ref idref="fl-d1"/>
      </object_component>
      <object_component id="oc-80">
         <name>.debug_info</name>
         <load_address>0xd2f6</load_address>
         <run_address>0xd2f6</run_address>
         <size>0x293</size>
         <input_file_ref idref="fl-d2"/>
      </object_component>
      <object_component id="oc-16">
         <name>.debug_info</name>
         <load_address>0xd589</load_address>
         <run_address>0xd589</run_address>
         <size>0x245</size>
         <input_file_ref idref="fl-d2"/>
      </object_component>
      <object_component id="oc-2a">
         <name>.debug_info</name>
         <load_address>0xd7ce</load_address>
         <run_address>0xd7ce</run_address>
         <size>0x60</size>
         <input_file_ref idref="fl-d2"/>
      </object_component>
      <object_component id="oc-124">
         <name>.debug_info</name>
         <load_address>0xd82e</load_address>
         <run_address>0xd82e</run_address>
         <size>0x46</size>
         <input_file_ref idref="fl-d2"/>
      </object_component>
      <object_component id="oc-7b">
         <name>.debug_info</name>
         <load_address>0xd874</load_address>
         <run_address>0xd874</run_address>
         <size>0x39</size>
         <input_file_ref idref="fl-d2"/>
      </object_component>
      <object_component id="oc-1d0">
         <name>.debug_info</name>
         <load_address>0xd8ad</load_address>
         <run_address>0xd8ad</run_address>
         <size>0x328</size>
         <input_file_ref idref="fl-d3"/>
      </object_component>
      <object_component id="oc-10a">
         <name>.debug_info</name>
         <load_address>0xdbd5</load_address>
         <run_address>0xdbd5</run_address>
         <size>0x1c6</size>
         <input_file_ref idref="fl-d3"/>
      </object_component>
      <object_component id="oc-1c4">
         <name>.debug_info</name>
         <load_address>0xdd9b</load_address>
         <run_address>0xdd9b</run_address>
         <size>0x182</size>
         <input_file_ref idref="fl-d3"/>
      </object_component>
      <object_component id="oc-1ca">
         <name>.debug_info</name>
         <load_address>0xdf1d</load_address>
         <run_address>0xdf1d</run_address>
         <size>0x162</size>
         <input_file_ref idref="fl-d3"/>
      </object_component>
      <object_component id="oc-2fb">
         <name>.debug_info</name>
         <load_address>0xe07f</load_address>
         <run_address>0xe07f</run_address>
         <size>0x2c</size>
         <input_file_ref idref="fl-d3"/>
      </object_component>
      <object_component id="oc-1d7">
         <name>.debug_info</name>
         <load_address>0xe0ab</load_address>
         <run_address>0xe0ab</run_address>
         <size>0x27f</size>
         <input_file_ref idref="fl-d4"/>
      </object_component>
      <object_component id="oc-110">
         <name>.debug_info</name>
         <load_address>0xe32a</load_address>
         <run_address>0xe32a</run_address>
         <size>0x258</size>
         <input_file_ref idref="fl-d4"/>
      </object_component>
      <object_component id="oc-1bc">
         <name>.debug_info</name>
         <load_address>0xe582</load_address>
         <run_address>0xe582</run_address>
         <size>0x284</size>
         <input_file_ref idref="fl-d5"/>
      </object_component>
      <object_component id="oc-104">
         <name>.debug_info</name>
         <load_address>0xe806</load_address>
         <run_address>0xe806</run_address>
         <size>0x22a</size>
         <input_file_ref idref="fl-d5"/>
      </object_component>
      <object_component id="oc-29d">
         <name>.debug_info</name>
         <load_address>0xea30</load_address>
         <run_address>0xea30</run_address>
         <size>0x27e</size>
         <input_file_ref idref="fl-d6"/>
      </object_component>
      <object_component id="oc-29a">
         <name>.debug_info</name>
         <load_address>0xecae</load_address>
         <run_address>0xecae</run_address>
         <size>0x103</size>
         <input_file_ref idref="fl-d6"/>
      </object_component>
      <object_component id="oc-20b">
         <name>.debug_info</name>
         <load_address>0xedb1</load_address>
         <run_address>0xedb1</run_address>
         <size>0x143</size>
         <input_file_ref idref="fl-d6"/>
      </object_component>
      <object_component id="oc-27">
         <name>.debug_info</name>
         <load_address>0xeef4</load_address>
         <run_address>0xeef4</run_address>
         <size>0x100</size>
         <input_file_ref idref="fl-d7"/>
      </object_component>
      <object_component id="oc-55">
         <name>.debug_info</name>
         <load_address>0xeff4</load_address>
         <run_address>0xeff4</run_address>
         <size>0x1a4</size>
         <input_file_ref idref="fl-d7"/>
      </object_component>
      <object_component id="oc-93">
         <name>.debug_info</name>
         <load_address>0xf198</load_address>
         <run_address>0xf198</run_address>
         <size>0x13f</size>
         <input_file_ref idref="fl-d8"/>
      </object_component>
      <object_component id="oc-36">
         <name>.debug_info</name>
         <load_address>0xf2d7</load_address>
         <run_address>0xf2d7</run_address>
         <size>0x111</size>
         <input_file_ref idref="fl-d9"/>
      </object_component>
      <object_component id="oc-1ec">
         <name>.debug_info</name>
         <load_address>0xf3e8</load_address>
         <run_address>0xf3e8</run_address>
         <size>0x547</size>
         <input_file_ref idref="fl-da"/>
      </object_component>
      <object_component id="oc-141">
         <name>.debug_info</name>
         <load_address>0xf92f</load_address>
         <run_address>0xf92f</run_address>
         <size>0x19b</size>
         <input_file_ref idref="fl-da"/>
      </object_component>
      <object_component id="oc-286">
         <name>.debug_info</name>
         <load_address>0xfaca</load_address>
         <run_address>0xfaca</run_address>
         <size>0x39</size>
         <input_file_ref idref="fl-da"/>
      </object_component>
      <object_component id="oc-30d">
         <name>.debug_info</name>
         <load_address>0xfb03</load_address>
         <run_address>0xfb03</run_address>
         <size>0x39</size>
         <input_file_ref idref="fl-da"/>
      </object_component>
      <object_component id="oc-28b">
         <name>.debug_info</name>
         <load_address>0xfb3c</load_address>
         <run_address>0xfb3c</run_address>
         <size>0x39</size>
         <input_file_ref idref="fl-da"/>
      </object_component>
      <object_component id="oc-290">
         <name>.debug_info</name>
         <load_address>0xfb75</load_address>
         <run_address>0xfb75</run_address>
         <size>0xcd</size>
         <input_file_ref idref="fl-da"/>
      </object_component>
      <object_component id="oc-97">
         <name>.debug_info</name>
         <load_address>0xfc42</load_address>
         <run_address>0xfc42</run_address>
         <size>0x148</size>
         <input_file_ref idref="fl-db"/>
      </object_component>
      <object_component id="oc-138">
         <name>.debug_info</name>
         <load_address>0xfd8a</load_address>
         <run_address>0xfd8a</run_address>
         <size>0x117</size>
         <input_file_ref idref="fl-dd"/>
      </object_component>
      <object_component id="oc-265">
         <name>.debug_info</name>
         <load_address>0xfea1</load_address>
         <run_address>0xfea1</run_address>
         <size>0x8a6</size>
         <input_file_ref idref="fl-df"/>
      </object_component>
      <object_component id="oc-23c">
         <name>.debug_info</name>
         <load_address>0x10747</load_address>
         <run_address>0x10747</run_address>
         <size>0x213</size>
         <input_file_ref idref="fl-df"/>
      </object_component>
      <object_component id="oc-2ca">
         <name>.debug_info</name>
         <load_address>0x1095a</load_address>
         <run_address>0x1095a</run_address>
         <size>0x1a8</size>
         <input_file_ref idref="fl-df"/>
      </object_component>
      <object_component id="oc-2d0">
         <name>.debug_info</name>
         <load_address>0x10b02</load_address>
         <run_address>0x10b02</run_address>
         <size>0x210</size>
         <input_file_ref idref="fl-df"/>
      </object_component>
      <object_component id="oc-242">
         <name>.debug_info</name>
         <load_address>0x10d12</load_address>
         <run_address>0x10d12</run_address>
         <size>0x3b0</size>
         <input_file_ref idref="fl-df"/>
      </object_component>
      <object_component id="oc-2d7">
         <name>.debug_info</name>
         <load_address>0x110c2</load_address>
         <run_address>0x110c2</run_address>
         <size>0x2fa</size>
         <input_file_ref idref="fl-df"/>
      </object_component>
      <object_component id="oc-2dd">
         <name>.debug_info</name>
         <load_address>0x113bc</load_address>
         <run_address>0x113bc</run_address>
         <size>0x20a</size>
         <input_file_ref idref="fl-df"/>
      </object_component>
      <object_component id="oc-248">
         <name>.debug_info</name>
         <load_address>0x115c6</load_address>
         <run_address>0x115c6</run_address>
         <size>0x20a</size>
         <input_file_ref idref="fl-df"/>
      </object_component>
      <object_component id="oc-24e">
         <name>.debug_info</name>
         <load_address>0x117d0</load_address>
         <run_address>0x117d0</run_address>
         <size>0x2f9</size>
         <input_file_ref idref="fl-df"/>
      </object_component>
      <object_component id="oc-254">
         <name>.debug_info</name>
         <load_address>0x11ac9</load_address>
         <run_address>0x11ac9</run_address>
         <size>0x4a5</size>
         <input_file_ref idref="fl-df"/>
      </object_component>
      <object_component id="oc-1bf">
         <name>.debug_info</name>
         <load_address>0x11f6e</load_address>
         <run_address>0x11f6e</run_address>
         <size>0x5cd</size>
         <input_file_ref idref="fl-df"/>
      </object_component>
      <object_component id="oc-266">
         <name>.debug_info</name>
         <load_address>0x1253b</load_address>
         <run_address>0x1253b</run_address>
         <size>0x86</size>
         <input_file_ref idref="fl-df"/>
      </object_component>
      <object_component id="oc-300">
         <name>.debug_info</name>
         <load_address>0x125c1</load_address>
         <run_address>0x125c1</run_address>
         <size>0x39</size>
         <input_file_ref idref="fl-df"/>
      </object_component>
      <object_component id="oc-345">
         <name>.debug_info</name>
         <load_address>0x125fa</load_address>
         <run_address>0x125fa</run_address>
         <size>0xb6</size>
         <input_file_ref idref="fl-df"/>
      </object_component>
      <object_component id="oc-305">
         <name>.debug_info</name>
         <load_address>0x126b0</load_address>
         <run_address>0x126b0</run_address>
         <size>0x46</size>
         <input_file_ref idref="fl-df"/>
      </object_component>
      <object_component id="oc-26b">
         <name>.debug_info</name>
         <load_address>0x126f6</load_address>
         <run_address>0x126f6</run_address>
         <size>0x46</size>
         <input_file_ref idref="fl-df"/>
      </object_component>
      <object_component id="oc-2bb">
         <name>.debug_info</name>
         <load_address>0x1273c</load_address>
         <run_address>0x1273c</run_address>
         <size>0x2ae</size>
         <input_file_ref idref="fl-e1"/>
      </object_component>
      <object_component id="oc-235">
         <name>.debug_info</name>
         <load_address>0x129ea</load_address>
         <run_address>0x129ea</run_address>
         <size>0x171</size>
         <input_file_ref idref="fl-e1"/>
      </object_component>
      <object_component id="oc-329">
         <name>.debug_info</name>
         <load_address>0x12b5b</load_address>
         <run_address>0x12b5b</run_address>
         <size>0xee</size>
         <input_file_ref idref="fl-e2"/>
      </object_component>
      <object_component id="oc-2b8">
         <name>.debug_info</name>
         <load_address>0x12c49</load_address>
         <run_address>0x12c49</run_address>
         <size>0xfa</size>
         <input_file_ref idref="fl-e2"/>
      </object_component>
      <object_component id="oc-333">
         <name>.debug_info</name>
         <load_address>0x12d43</load_address>
         <run_address>0x12d43</run_address>
         <size>0x290</size>
         <input_file_ref idref="fl-e3"/>
      </object_component>
      <object_component id="oc-2c6">
         <name>.debug_info</name>
         <load_address>0x12fd3</load_address>
         <run_address>0x12fd3</run_address>
         <size>0x1c2</size>
         <input_file_ref idref="fl-e3"/>
      </object_component>
      <object_component id="oc-2f1">
         <name>.debug_info</name>
         <load_address>0x13195</load_address>
         <run_address>0x13195</run_address>
         <size>0x28b</size>
         <input_file_ref idref="fl-e4"/>
      </object_component>
      <object_component id="oc-259">
         <name>.debug_info</name>
         <load_address>0x13420</load_address>
         <run_address>0x13420</run_address>
         <size>0x1ab</size>
         <input_file_ref idref="fl-e4"/>
      </object_component>
      <object_component id="oc-33b">
         <name>.debug_info</name>
         <load_address>0x135cb</load_address>
         <run_address>0x135cb</run_address>
         <size>0x28f</size>
         <input_file_ref idref="fl-e5"/>
      </object_component>
      <object_component id="oc-2ea">
         <name>.debug_info</name>
         <load_address>0x1385a</load_address>
         <run_address>0x1385a</run_address>
         <size>0x247</size>
         <input_file_ref idref="fl-e5"/>
      </object_component>
      <object_component id="oc-339">
         <name>.debug_info</name>
         <load_address>0x13aa1</load_address>
         <run_address>0x13aa1</run_address>
         <size>0x28f</size>
         <input_file_ref idref="fl-e6"/>
      </object_component>
      <object_component id="oc-2e4">
         <name>.debug_info</name>
         <load_address>0x13d30</load_address>
         <run_address>0x13d30</run_address>
         <size>0x18a</size>
         <input_file_ref idref="fl-e6"/>
      </object_component>
      <object_component id="oc-2f8">
         <name>.debug_info</name>
         <load_address>0x13eba</load_address>
         <run_address>0x13eba</run_address>
         <size>0x284</size>
         <input_file_ref idref="fl-e7"/>
      </object_component>
      <object_component id="oc-260">
         <name>.debug_info</name>
         <load_address>0x1413e</load_address>
         <run_address>0x1413e</run_address>
         <size>0x14f</size>
         <input_file_ref idref="fl-e7"/>
      </object_component>
      <object_component id="oc-33e">
         <name>.debug_info</name>
         <load_address>0x1428d</load_address>
         <run_address>0x1428d</run_address>
         <size>0x46</size>
         <input_file_ref idref="fl-e7"/>
      </object_component>
      <object_component id="oc-2f3">
         <name>.debug_info</name>
         <load_address>0x142d3</load_address>
         <run_address>0x142d3</run_address>
         <size>0x39</size>
         <input_file_ref idref="fl-e7"/>
      </object_component>
      <object_component id="oc-2bf">
         <name>.debug_info</name>
         <load_address>0x1430c</load_address>
         <run_address>0x1430c</run_address>
         <size>0x12c</size>
         <input_file_ref idref="fl-e8"/>
      </object_component>
      <object_component id="oc-32f">
         <name>.debug_info</name>
         <load_address>0x14438</load_address>
         <run_address>0x14438</run_address>
         <size>0x10d</size>
         <input_file_ref idref="fl-e9"/>
      </object_component>
      <object_component id="oc-385">
         <name>.debug_info</name>
         <load_address>0x14545</load_address>
         <run_address>0x14545</run_address>
         <size>0xb7</size>
      </object_component>
      <object_component id="oc-185">
         <name>.debug_line</name>
         <load_address>0x0</load_address>
         <run_address>0x0</run_address>
         <size>0x114</size>
         <input_file_ref idref="fl-2"/>
      </object_component>
      <object_component id="oc-1b0">
         <name>.debug_line</name>
         <load_address>0x114</load_address>
         <run_address>0x114</run_address>
         <size>0x35</size>
         <input_file_ref idref="fl-2"/>
      </object_component>
      <object_component id="oc-1b6">
         <name>.debug_line</name>
         <load_address>0x149</load_address>
         <run_address>0x149</run_address>
         <size>0x35</size>
         <input_file_ref idref="fl-2"/>
      </object_component>
      <object_component id="oc-1b4">
         <name>.debug_line</name>
         <load_address>0x17e</load_address>
         <run_address>0x17e</run_address>
         <size>0x35</size>
         <input_file_ref idref="fl-2"/>
      </object_component>
      <object_component id="oc-1b2">
         <name>.debug_line</name>
         <load_address>0x1b3</load_address>
         <run_address>0x1b3</run_address>
         <size>0x35</size>
         <input_file_ref idref="fl-2"/>
      </object_component>
      <object_component id="oc-1db">
         <name>.debug_line</name>
         <load_address>0x1e8</load_address>
         <run_address>0x1e8</run_address>
         <size>0x35</size>
         <input_file_ref idref="fl-2"/>
      </object_component>
      <object_component id="oc-1d9">
         <name>.debug_line</name>
         <load_address>0x21d</load_address>
         <run_address>0x21d</run_address>
         <size>0x35</size>
         <input_file_ref idref="fl-2"/>
      </object_component>
      <object_component id="oc-1ae">
         <name>.debug_line</name>
         <load_address>0x252</load_address>
         <run_address>0x252</run_address>
         <size>0x35</size>
         <input_file_ref idref="fl-2"/>
      </object_component>
      <object_component id="oc-74">
         <name>.debug_line</name>
         <load_address>0x287</load_address>
         <run_address>0x287</run_address>
         <size>0x972</size>
         <input_file_ref idref="fl-2"/>
      </object_component>
      <object_component id="oc-189">
         <name>.debug_line</name>
         <load_address>0xbf9</load_address>
         <run_address>0xbf9</run_address>
         <size>0x35</size>
         <input_file_ref idref="fl-2"/>
      </object_component>
      <object_component id="oc-182">
         <name>.debug_line</name>
         <load_address>0xc2e</load_address>
         <run_address>0xc2e</run_address>
         <size>0x5c</size>
         <input_file_ref idref="fl-2"/>
      </object_component>
      <object_component id="oc-bf">
         <name>.debug_line</name>
         <load_address>0xc8a</load_address>
         <run_address>0xc8a</run_address>
         <size>0x59</size>
         <input_file_ref idref="fl-2"/>
      </object_component>
      <object_component id="oc-122">
         <name>.debug_line</name>
         <load_address>0xce3</load_address>
         <run_address>0xce3</run_address>
         <size>0x70</size>
         <input_file_ref idref="fl-2"/>
      </object_component>
      <object_component id="oc-32">
         <name>.debug_line</name>
         <load_address>0xd53</load_address>
         <run_address>0xd53</run_address>
         <size>0x20</size>
         <input_file_ref idref="fl-2"/>
      </object_component>
      <object_component id="oc-1df">
         <name>.debug_line</name>
         <load_address>0xd73</load_address>
         <run_address>0xd73</run_address>
         <size>0x74</size>
         <input_file_ref idref="fl-2"/>
      </object_component>
      <object_component id="oc-179">
         <name>.debug_line</name>
         <load_address>0xde7</load_address>
         <run_address>0xde7</run_address>
         <size>0x71</size>
         <input_file_ref idref="fl-2"/>
      </object_component>
      <object_component id="oc-18e">
         <name>.debug_line</name>
         <load_address>0xe58</load_address>
         <run_address>0xe58</run_address>
         <size>0x6b</size>
         <input_file_ref idref="fl-2"/>
      </object_component>
      <object_component id="oc-1d4">
         <name>.debug_line</name>
         <load_address>0xec3</load_address>
         <run_address>0xec3</run_address>
         <size>0x6c</size>
         <input_file_ref idref="fl-2"/>
      </object_component>
      <object_component id="oc-191">
         <name>.debug_line</name>
         <load_address>0xf2f</load_address>
         <run_address>0xf2f</run_address>
         <size>0x2f</size>
         <input_file_ref idref="fl-3"/>
      </object_component>
      <object_component id="oc-17c">
         <name>.debug_line</name>
         <load_address>0xf5e</load_address>
         <run_address>0xf5e</run_address>
         <size>0x2f</size>
         <input_file_ref idref="fl-3"/>
      </object_component>
      <object_component id="oc-6f">
         <name>.debug_line</name>
         <load_address>0xf8d</load_address>
         <run_address>0xf8d</run_address>
         <size>0x12d</size>
         <input_file_ref idref="fl-3"/>
      </object_component>
      <object_component id="oc-d1">
         <name>.debug_line</name>
         <load_address>0x10ba</load_address>
         <run_address>0x10ba</run_address>
         <size>0xe2</size>
         <input_file_ref idref="fl-4"/>
      </object_component>
      <object_component id="oc-193">
         <name>.debug_line</name>
         <load_address>0x119c</load_address>
         <run_address>0x119c</run_address>
         <size>0x2f</size>
         <input_file_ref idref="fl-5"/>
      </object_component>
      <object_component id="oc-c5">
         <name>.debug_line</name>
         <load_address>0x11cb</load_address>
         <run_address>0x11cb</run_address>
         <size>0x115</size>
         <input_file_ref idref="fl-5"/>
      </object_component>
      <object_component id="oc-17e">
         <name>.debug_line</name>
         <load_address>0x12e0</load_address>
         <run_address>0x12e0</run_address>
         <size>0x3f</size>
         <input_file_ref idref="fl-6"/>
      </object_component>
      <object_component id="oc-d7">
         <name>.debug_line</name>
         <load_address>0x131f</load_address>
         <run_address>0x131f</run_address>
         <size>0x4b</size>
         <input_file_ref idref="fl-6"/>
      </object_component>
      <object_component id="oc-11e">
         <name>.debug_line</name>
         <load_address>0x136a</load_address>
         <run_address>0x136a</run_address>
         <size>0x40</size>
         <input_file_ref idref="fl-7"/>
      </object_component>
      <object_component id="oc-77">
         <name>.debug_line</name>
         <load_address>0x13aa</load_address>
         <run_address>0x13aa</run_address>
         <size>0x40</size>
         <input_file_ref idref="fl-7"/>
      </object_component>
      <object_component id="oc-68">
         <name>.debug_line</name>
         <load_address>0x13ea</load_address>
         <run_address>0x13ea</run_address>
         <size>0x71</size>
         <input_file_ref idref="fl-7"/>
      </object_component>
      <object_component id="oc-202">
         <name>.debug_line</name>
         <load_address>0x145b</load_address>
         <run_address>0x145b</run_address>
         <size>0x3b</size>
         <input_file_ref idref="fl-8"/>
      </object_component>
      <object_component id="oc-ac">
         <name>.debug_line</name>
         <load_address>0x1496</load_address>
         <run_address>0x1496</run_address>
         <size>0x159</size>
         <input_file_ref idref="fl-8"/>
      </object_component>
      <object_component id="oc-cc">
         <name>.debug_line</name>
         <load_address>0x15ef</load_address>
         <run_address>0x15ef</run_address>
         <size>0x94</size>
         <input_file_ref idref="fl-9"/>
      </object_component>
      <object_component id="oc-2b6">
         <name>.debug_line</name>
         <load_address>0x1683</load_address>
         <run_address>0x1683</run_address>
         <size>0x93</size>
         <input_file_ref idref="fl-c3"/>
      </object_component>
      <object_component id="oc-2a0">
         <name>.debug_line</name>
         <load_address>0x1716</load_address>
         <run_address>0x1716</run_address>
         <size>0x2b</size>
         <input_file_ref idref="fl-c3"/>
      </object_component>
      <object_component id="oc-19e">
         <name>.debug_line</name>
         <load_address>0x1741</load_address>
         <run_address>0x1741</run_address>
         <size>0x2ba</size>
         <input_file_ref idref="fl-c3"/>
      </object_component>
      <object_component id="oc-2b3">
         <name>.debug_line</name>
         <load_address>0x19fb</load_address>
         <run_address>0x19fb</run_address>
         <size>0x92</size>
         <input_file_ref idref="fl-c3"/>
      </object_component>
      <object_component id="oc-22c">
         <name>.debug_line</name>
         <load_address>0x1a8d</load_address>
         <run_address>0x1a8d</run_address>
         <size>0x8f</size>
         <input_file_ref idref="fl-c3"/>
      </object_component>
      <object_component id="oc-31a">
         <name>.debug_line</name>
         <load_address>0x1b1c</load_address>
         <run_address>0x1b1c</run_address>
         <size>0x89</size>
         <input_file_ref idref="fl-c4"/>
      </object_component>
      <object_component id="oc-208">
         <name>.debug_line</name>
         <load_address>0x1ba5</load_address>
         <run_address>0x1ba5</run_address>
         <size>0x12d</size>
         <input_file_ref idref="fl-c4"/>
      </object_component>
      <object_component id="oc-321">
         <name>.debug_line</name>
         <load_address>0x1cd2</load_address>
         <run_address>0x1cd2</run_address>
         <size>0x93</size>
         <input_file_ref idref="fl-c5"/>
      </object_component>
      <object_component id="oc-226">
         <name>.debug_line</name>
         <load_address>0x1d65</load_address>
         <run_address>0x1d65</run_address>
         <size>0x9c</size>
         <input_file_ref idref="fl-c5"/>
      </object_component>
      <object_component id="oc-325">
         <name>.debug_line</name>
         <load_address>0x1e01</load_address>
         <run_address>0x1e01</run_address>
         <size>0x92</size>
         <input_file_ref idref="fl-c5"/>
      </object_component>
      <object_component id="oc-2ae">
         <name>.debug_line</name>
         <load_address>0x1e93</load_address>
         <run_address>0x1e93</run_address>
         <size>0x8f</size>
         <input_file_ref idref="fl-c5"/>
      </object_component>
      <object_component id="oc-2a7">
         <name>.debug_line</name>
         <load_address>0x1f22</load_address>
         <run_address>0x1f22</run_address>
         <size>0x45</size>
         <input_file_ref idref="fl-c6"/>
      </object_component>
      <object_component id="oc-f5">
         <name>.debug_line</name>
         <load_address>0x1f67</load_address>
         <run_address>0x1f67</run_address>
         <size>0xd2</size>
         <input_file_ref idref="fl-c7"/>
      </object_component>
      <object_component id="oc-219">
         <name>.debug_line</name>
         <load_address>0x2039</load_address>
         <run_address>0x2039</run_address>
         <size>0x77</size>
         <input_file_ref idref="fl-c8"/>
      </object_component>
      <object_component id="oc-21f">
         <name>.debug_line</name>
         <load_address>0x20b0</load_address>
         <run_address>0x20b0</run_address>
         <size>0x77</size>
         <input_file_ref idref="fl-c8"/>
      </object_component>
      <object_component id="oc-1a1">
         <name>.debug_line</name>
         <load_address>0x2127</load_address>
         <run_address>0x2127</run_address>
         <size>0xa8</size>
         <input_file_ref idref="fl-c9"/>
      </object_component>
      <object_component id="oc-f0">
         <name>.debug_line</name>
         <load_address>0x21cf</load_address>
         <run_address>0x21cf</run_address>
         <size>0x8e</size>
         <input_file_ref idref="fl-ca"/>
      </object_component>
      <object_component id="oc-1a9">
         <name>.debug_line</name>
         <load_address>0x225d</load_address>
         <run_address>0x225d</run_address>
         <size>0x5a</size>
         <input_file_ref idref="fl-cb"/>
      </object_component>
      <object_component id="oc-fd">
         <name>.debug_line</name>
         <load_address>0x22b7</load_address>
         <run_address>0x22b7</run_address>
         <size>0x67</size>
         <input_file_ref idref="fl-cc"/>
      </object_component>
      <object_component id="oc-eb">
         <name>.debug_line</name>
         <load_address>0x231e</load_address>
         <run_address>0x231e</run_address>
         <size>0x57</size>
         <input_file_ref idref="fl-cd"/>
      </object_component>
      <object_component id="oc-214">
         <name>.debug_line</name>
         <load_address>0x2375</load_address>
[...]
         <object_component_ref idref="oc-af"/>
      </symbol>
      <symbol id="sm-2ba">
         <name>readInput</name>
         <value>0x43b3</value>
         <object_component_ref idref="oc-6a"/>
      </symbol>
      <symbol id="sm-2bb">
         <name>read_location</name>
         <value>0x20000157</value>
         <object_component_ref idref="oc-af"/>
      </symbol>
      <symbol id="sm-2bc">
         <name>setupSerial</name>
         <value>0x4459</value>
         <object_component_ref idref="oc-6a"/>
      </symbol>
      <symbol id="sm-2bd">
         <name>EUSCIA0_IRQHandler</name>
         <value>0x4423</value>
         <object_component_ref idref="oc-6a"/>
      </symbol>
      <symbol id="sm-2be">
         <name>writeOutput</name>
         <value>0x4381</value>
         <object_component_ref idref="oc-6a"/>
      </symbol>
      <symbol id="sm-2cf">
         <name>pushNib</name>
         <value>0x4823</value>
         <object_component_ref idref="oc-cd"/>
      </symbol>
      <symbol id="sm-2d0">
         <name>comWrit</name>
         <value>0x4883</value>
         <object_component_ref idref="oc-cd"/>
      </symbol>
      <symbol id="sm-2d1">
         <name>dataWrit</name>
         <value>0x489d</value>
         <object_component_ref idref="oc-cd"/>
      </symbol>
      <symbol id="sm-2d2">
         <name>PulsEnablePin</name>
         <value>0x47ef</value>
         <object_component_ref idref="oc-cd"/>
      </symbol>
      <symbol id="sm-2d3">
         <name>initLCD</name>
         <value>0x4785</value>
         <object_component_ref idref="oc-cd"/>
      </symbol>
      <symbol id="sm-2d4">
         <name>pushByt</name>
         <value>0x484b</value>
         <object_component_ref idref="oc-cd"/>
      </symbol>
      <symbol id="sm-310">
         <name>initPins</name>
         <value>0x33f9</value>
         <object_component_ref idref="oc-c1"/>
      </symbol>
      <symbol id="sm-311">
         <name>configRTC</name>
         <value>0x3781</value>
         <object_component_ref idref="oc-c1"/>
      </symbol>
      <symbol id="sm-312">
         <name>delay_ms</name>
         <value>0x375b</value>
         <object_component_ref idref="oc-c1"/>
      </symbol>
      <symbol id="sm-313">
         <name>SysTick_Init</name>
         <value>0x371b</value>
         <object_component_ref idref="oc-c1"/>
      </symbol>
      <symbol id="sm-314">
         <name>delay_micro</name>
         <value>0x3737</value>
         <object_component_ref idref="oc-c1"/>
      </symbol>
      <symbol id="sm-324">
         <name>beep</name>
         <value>0x5409</value>
         <object_component_ref idref="oc-d3"/>
      </symbol>
      <symbol id="sm-339">
         <name>Reset_Handler</name>
         <value>0x5647</value>
         <object_component_ref idref="oc-64"/>
      </symbol>
      <symbol id="sm-33a">
         <name>Default_Handler</name>
         <value>0x5653</value>
         <object_component_ref idref="oc-64"/>
      </symbol>
      <symbol id="sm-33b">
         <name>interruptVectors</name>
         <value>0x0</value>
         <object_component_ref idref="oc-23"/>
      </symbol>
      <symbol id="sm-383">
         <name>SystemInit</name>
         <value>0x3ab5</value>
         <object_component_ref idref="oc-a8"/>
      </symbol>
      <symbol id="sm-384">
         <name>SystemCoreClockUpdate</name>
         <value>0x383d</value>
         <object_component_ref idref="oc-a8"/>
      </symbol>
      <symbol id="sm-385">
         <name>SystemCoreClock</name>
         <value>0x2000014c</value>
         <object_component_ref idref="oc-172"/>
      </symbol>
      <symbol id="sm-3a8">
         <name>ADC14init</name>
         <value>0x3de1</value>
         <object_component_ref idref="oc-c7"/>
      </symbol>
      <symbol id="sm-3a9">
         <name>getTemp</name>
         <value>0x3e3d</value>
         <object_component_ref idref="oc-c7"/>
      </symbol>
      <symbol id="sm-3aa">
         <name>LCDbrightUpdate</name>
         <value>0x3ee1</value>
         <object_component_ref idref="oc-c7"/>
      </symbol>
      <symbol id="sm-43f">
         <name>pow</name>
         <value>0x2a39</value>
         <object_component_ref idref="oc-19a"/>
      </symbol>
      <symbol id="sm-440">
         <name>powl</name>
         <value>0x2a39</value>
         <object_component_ref idref="oc-19a"/>
      </symbol>
      <symbol id="sm-462">
         <name>sqrtl</name>
         <value>0x44f1</value>
         <object_component_ref idref="oc-204"/>
      </symbol>
      <symbol id="sm-463">
         <name>sqrt</name>
         <value>0x44f1</value>
         <object_component_ref idref="oc-204"/>
      </symbol>
      <symbol id="sm-48a">
         <name>scalbn</name>
         <value>0x4b15</value>
         <object_component_ref idref="oc-222"/>
      </symbol>
      <symbol id="sm-48b">
         <name>scalbnl</name>
         <value>0x4b15</value>
         <object_component_ref idref="oc-222"/>
      </symbol>
      <symbol id="sm-48c">
         <name>ldexpl</name>
         <value>0x4b15</value>
         <object_component_ref idref="oc-222"/>
      </symbol>
      <symbol id="sm-48d">
         <name>ldexp</name>
         <value>0x4b15</value>
         <object_component_ref idref="oc-222"/>
      </symbol>
      <symbol id="sm-497">
         <name>copysign</name>
         <value>0x55ed</value>
         <object_component_ref idref="oc-2a3"/>
      </symbol>
      <symbol id="sm-498">
         <name>copysignl</name>
         <value>0x55ed</value>
         <object_component_ref idref="oc-2a3"/>
      </symbol>
      <symbol id="sm-4af">
         <name>__aeabi_dsub</name>
         <value>0x419d</value>
         <object_component_ref idref="oc-f4"/>
      </symbol>
      <symbol id="sm-4b0">
         <name>__aeabi_dadd</name>
         <value>0x41a7</value>
         <object_component_ref idref="oc-f4"/>
      </symbol>
      <symbol id="sm-4d2">
         <name>__aeabi_cdcmpeq</name>
         <value>0x4f05</value>
         <object_component_ref idref="oc-218"/>
      </symbol>
      <symbol id="sm-4d3">
         <name>__aeabi_cdcmple</name>
         <value>0x4f05</value>
         <object_component_ref idref="oc-218"/>
      </symbol>
      <symbol id="sm-4d4">
         <name>__aeabi_cdrcmple</name>
         <value>0x4f8b</value>
         <object_component_ref idref="oc-21d"/>
      </symbol>
      <symbol id="sm-4e8">
         <name>__aeabi_ddiv</name>
         <value>0x48bd</value>
         <object_component_ref idref="oc-1a0"/>
      </symbol>
      <symbol id="sm-4f3">
         <name>__aeabi_dmul</name>
         <value>0x4c25</value>
         <object_component_ref idref="oc-ef"/>
      </symbol>
      <symbol id="sm-4fd">
         <name>__aeabi_d2iz</name>
         <value>0x537d</value>
         <object_component_ref idref="oc-1a5"/>
      </symbol>
      <symbol id="sm-509">
         <name>__aeabi_d2f</name>
         <value>0x50f9</value>
         <object_component_ref idref="oc-f9"/>
      </symbol>
      <symbol id="sm-514">
         <name>__aeabi_f2d</name>
         <value>0x5505</value>
         <object_component_ref idref="oc-ea"/>
      </symbol>
      <symbol id="sm-51e">
         <name>__aeabi_i2d</name>
         <value>0x553d</value>
         <object_component_ref idref="oc-210"/>
      </symbol>
      <symbol id="sm-528">
         <name>__aeabi_ui2d</name>
         <value>0x556b</value>
         <object_component_ref idref="oc-195"/>
      </symbol>
      <symbol id="sm-541">
         <name>__TI_zero_init_nomemset</name>
         <value>0x5615</value>
         <object_component_ref idref="oc-40"/>
      </symbol>
      <symbol id="sm-558">
         <name>__TI_decompress_none</name>
         <value>0x5639</value>
         <object_component_ref idref="oc-1a"/>
      </symbol>
      <symbol id="sm-57b">
         <name>__TI_decompress_lzss</name>
         <value>0x5167</value>
         <object_component_ref idref="oc-14"/>
      </symbol>
      <symbol id="sm-5a2">
         <name>sprintf</name>
         <value>0x544d</value>
         <object_component_ref idref="oc-109"/>
      </symbol>
      <symbol id="sm-5b1">
         <name>strcmp</name>
         <value>0x55bf</value>
         <object_component_ref idref="oc-10f"/>
      </symbol>
      <symbol id="sm-5bf">
         <name>strlen</name>
         <value>0x5601</value>
         <object_component_ref idref="oc-103"/>
      </symbol>
      <symbol id="sm-5d5">
         <name>__aeabi_errno_addr</name>
         <value>0x5661</value>
         <object_component_ref idref="oc-20a"/>
      </symbol>
      <symbol id="sm-5d6">
         <name>errno</name>
         <value>0x20000148</value>
         <object_component_ref idref="oc-299"/>
      </symbol>
      <symbol id="sm-5e9">
         <name>__stack</name>
         <value>0x2000fe00</value>
         <object_component_ref idref="oc-26"/>
      </symbol>
      <symbol id="sm-5ea">
         <name>_c_int00_noargs</name>
         <value>0x54cd</value>
         <object_component_ref idref="oc-52"/>
      </symbol>
      <symbol id="sm-5f9">
         <name>__aeabi_memset</name>
         <value>0x5013</value>
         <object_component_ref idref="oc-90"/>
      </symbol>
      <symbol id="sm-5fa">
         <name>memset</name>
         <value>0x5019</value>
         <object_component_ref idref="oc-90"/>
      </symbol>
      <symbol id="sm-5fb">
         <name>__aeabi_memset8</name>
         <value>0x5013</value>
         <object_component_ref idref="oc-90"/>
      </symbol>
      <symbol id="sm-5fc">
         <name>__aeabi_memset4</name>
         <value>0x5013</value>
         <object_component_ref idref="oc-90"/>
      </symbol>
      <symbol id="sm-5fd">
         <name>__aeabi_memclr8</name>
         <value>0x5011</value>
         <object_component_ref idref="oc-90"/>
      </symbol>
      <symbol id="sm-5fe">
         <name>__aeabi_memclr4</name>
         <value>0x5011</value>
         <object_component_ref idref="oc-90"/>
      </symbol>
      <symbol id="sm-5ff">
         <name>__aeabi_memclr</name>
         <value>0x5011</value>
         <object_component_ref idref="oc-90"/>
      </symbol>
      <symbol id="sm-61a">
         <name>memcpy</name>
         <value>0x4dd3</value>
         <object_component_ref idref="oc-34"/>
      </symbol>
      <symbol id="sm-61b">
         <name>__aeabi_memcpy</name>
         <value>0x4dd3</value>
         <object_component_ref idref="oc-34"/>
      </symbol>
      <symbol id="sm-61c">
         <name>__aeabi_memcpy8</name>
         <value>0x4dd3</value>
         <object_component_ref idref="oc-34"/>
      </symbol>
      <symbol id="sm-61d">
         <name>__aeabi_memcpy4</name>
         <value>0x4dd3</value>
         <object_component_ref idref="oc-34"/>
      </symbol>
      <symbol id="sm-645">
         <name>__TI_auto_init_nobinit_nopinit</name>
         <value>0x53c5</value>
         <object_component_ref idref="oc-140"/>
      </symbol>
      <symbol id="sm-64f">
         <name>_system_pre_init</name>
         <value>0x5669</value>
         <object_component_ref idref="oc-96"/>
      </symbol>
      <symbol id="sm-65b">
         <name>C$$EXIT</name>
         <value>0x566d</value>
         <object_component_ref idref="oc-134"/>
      </symbol>
      <symbol id="sm-65c">
         <name>abort</name>
         <value>0x566d</value>
         <object_component_ref idref="oc-134"/>
      </symbol>
      <symbol id="sm-7c2">
         <name>__TI_printfi</name>
         <value>0x1fd9</value>
         <object_component_ref idref="oc-1bd"/>
      </symbol>
      <symbol id="sm-7d9">
         <name>atoi</name>
         <value>0x5331</value>
         <object_component_ref idref="oc-234"/>
      </symbol>
      <symbol id="sm-7e4">
         <name>_ctypes_</name>
         <value>0x5670</value>
         <object_component_ref idref="oc-2b7"/>
      </symbol>
      <symbol id="sm-7f3">
         <name>ltoa</name>
         <value>0x528b</value>
         <object_component_ref idref="oc-2c2"/>
      </symbol>
      <symbol id="sm-803">
         <name>memccpy</name>
         <value>0x558b</value>
         <object_component_ref idref="oc-258"/>
      </symbol>
      <symbol id="sm-813">
         <name>strchr</name>
         <value>0x55d7</value>
         <object_component_ref idref="oc-2e9"/>
      </symbol>
      <symbol id="sm-829">
         <name>frexpl</name>
         <value>0x51d1</value>
         <object_component_ref idref="oc-2e3"/>
      </symbol>
      <symbol id="sm-82a">
         <name>frexp</name>
         <value>0x51d1</value>
         <object_component_ref idref="oc-2e3"/>
      </symbol>
      <symbol id="sm-843">
         <name>wcslen</name>
         <value>0x5627</value>
         <object_component_ref idref="oc-25e"/>
      </symbol>
      <symbol id="sm-850">
         <name>__aeabi_uldivmod</name>
         <value>0x4e6f</value>
         <object_component_ref idref="oc-2bc"/>
      </symbol>
      <symbol id="sm-85a">
         <name>__aeabi_idiv0</name>
         <value>0x2a37</value>
         <object_component_ref idref="oc-32c"/>
      </symbol>
      <symbol id="sm-85b">
         <name>__aeabi_ldiv0</name>
         <value>0x2a37</value>
         <object_component_ref idref="oc-32c"/>
      </symbol>
      <symbol id="sm-85c">
         <name>__TI_static_base__</name>
         <value>0x0</value>
      </symbol>
      <symbol id="sm-85f">
         <name>__mpu_init</name>
         <value>0x0</value>
      </symbol>
      <symbol id="sm-860">
         <name>_system_post_cinit</name>
         <value>0x0</value>
      </symbol>
      <symbol id="sm-861">
         <name>NMI_Handler</name>
         <value>0x5653</value>
      </symbol>
      <symbol id="sm-862">
         <name>HardFault_Handler</name>
         <value>0x5653</value>
      </symbol>
      <symbol id="sm-863">
         <name>MemManage_Handler</name>
         <value>0x5653</value>
      </symbol>
      <symbol id="sm-864">
         <name>BusFault_Handler</name>
         <value>0x5653</value>
      </symbol>
      <symbol id="sm-865">
         <name>UsageFault_Handler</name>
         <value>0x5653</value>
      </symbol>
      <symbol id="sm-866">
         <name>SVC_Handler</name>
         <value>0x5653</value>
      </symbol>
      <symbol id="sm-867">
         <name>DebugMon_Handler</name>
         <value>0x5653</value>
      </symbol>
      <symbol id="sm-868">
         <name>PendSV_Handler</name>
         <value>0x5653</value>
      </symbol>
      <symbol id="sm-869">
         <name>SysTick_Handler</name>
         <value>0x5653</value>
      </symbol>
      <symbol id="sm-86a">
         <name>PSS_IRQHandler</name>
         <value>0x5653</value>
      </symbol>
      <symbol id="sm-86b">
         <name>CS_IRQHandler</name>
         <value>0x5653</value>
      </symbol>
      <symbol id="sm-86c">
         <name>PCM_IRQHandler</name>
         <value>0x5653</value>
      </symbol>
      <symbol id="sm-86d">
         <name>WDT_A_IRQHandler</name>
         <value>0x5653</value>
      </symbol>
      <symbol id="sm-86e">
         <name>FPU_IRQHandler</name>
         <value>0x5653</value>
      </symbol>
      <symbol id="sm-86f">
         <name>FLCTL_IRQHandler</name>
         <value>0x5653</value>
      </symbol>
      <symbol id="sm-870">
         <name>COMP_E0_IRQHandler</name>
         <value>0x5653</value>
      </symbol>
      <symbol id="sm-871">
         <name>COMP_E1_IRQHandler</name>
         <value>0x5653</value>
      </symbol>
      <symbol id="sm-872">
         <name>TA0_0_IRQHandler</name>
         <value>0x5653</value>
      </symbol>
      <symbol id="sm-873">
         <name>TA0_N_IRQHandler</name>
         <value>0x5653</value>
      </symbol>
      <symbol id="sm-874">
         <name>TA1_0_IRQHandler</name>
         <value>0x5653</value>
      </symbol>
      <symbol id="sm-875">
         <name>TA1_N_IRQHandler</name>
         <value>0x5653</value>
      </symbol>
      <symbol id="sm-876">
         <name>TA2_0_IRQHandler</name>
         <value>0x5653</value>
      </symbol>
      <symbol id="sm-877">
         <name>TA2_N_IRQHandler</name>
         <value>0x5653</value>
      </symbol>
      <symbol id="sm-878">
         <name>TA3_0_IRQHandler</name>
         <value>0x5653</value>
      </symbol>
      <symbol id="sm-879">
         <name>TA3_N_IRQHandler</name>
         <value>0x5653</value>
      </symbol>
      <symbol id="sm-87a">
         <name>EUSCIA0_IRQHandler</name>
         <value>0x4423</value>
      </symbol>
      <symbol id="sm-87b">
         <name>EUSCIA1_IRQHandler</name>
         <value>0x5653</value>
      </symbol>
      <symbol id="sm-87c">
         <name>EUSCIA2_IRQHandler</name>
         <value>0x5653</value>
      </symbol>
      <symbol id="sm-87d">
         <name>EUSCIA3_IRQHandler</name>
         <value>0x5653</value>
      </symbol>
      <symbol id="sm-87e">
         <name>EUSCIB0_IRQHandler</name>
         <value>0x5653</value>
      </symbol>
      <symbol id="sm-87f">
         <name>EUSCIB1_IRQHandler</name>
         <value>0x5653</value>
      </symbol>
      <symbol id="sm-880">
         <name>EUSCIB2_IRQHandler</name>
         <value>0x5653</value>
      </symbol>
      <symbol id="sm-881">
         <name>EUSCIB3_IRQHandler</name>
         <value>0x5653</value>
      </symbol>
      <symbol id="sm-882">
         <name>ADC14_IRQHandler</name>
         <value>0x5653</value>
      </symbol>
      <symbol id="sm-883">
         <name>T32_INT1_IRQHandler</name>
         <value>0x5653</value>
      </symbol>
      <symbol id="sm-884">
         <name>T32_INT2_IRQHandler</name>
         <value>0x5653</value>
      </symbol>
      <symbol id="sm-885">
         <name>T32_INTC_IRQHandler</name>
         <value>0x5653</value>
      </symbol>
      <symbol id="sm-886">
         <name>AES256_IRQHandler</name>
         <value>0x5653</value>
      </symbol>
      <symbol id="sm-887">
         <name>RTC_C_IRQHandler</name>
         <value>0xcd5</value>
      </symbol>
      <symbol id="sm-888">
         <name>DMA_ERR_IRQHandler</name>
         <value>0x5653</value>
      </symbol>
      <symbol id="sm-889">
         <name>DMA_INT3_IRQHandler</name>
         <value>0x5653</value>
      </symbol>
      <symbol id="sm-88a">
         <name>DMA_INT2_IRQHandler</name>
         <value>0x5653</value>
      </symbol>
      <symbol id="sm-88b">
         <name>DMA_INT1_IRQHandler</name>
         <value>0x5653</value>
      </symbol>
      <symbol id="sm-88c">
         <name>DMA_INT0_IRQHandler</name>
         <value>0x5653</value>
      </symbol>
      <symbol id="sm-88d">
         <name>PORT1_IRQHandler</name>
         <value>0xe01</value>
      </symbol>
      <symbol id="sm-88e">
         <name>PORT2_IRQHandler</name>
         <value>0x5653</value>
      </symbol>
      <symbol id="sm-88f">
         <name>PORT3_IRQHandler</name>
         <value>0x5653</value>
      </symbol>
      <symbol id="sm-890">
         <name>PORT4_IRQHandler</name>
         <value>0x5653</value>
      </symbol>
      <symbol id="sm-891">
         <name>PORT5_IRQHandler</name>
         <value>0x5653</value>
      </symbol>
      <symbol id="sm-892">
         <name>PORT6_IRQHandler</name>
         <value>0x5653</value>
      </symbol>
   </symbol_table>
   <title>Link successful</title>
</link_info>
