******************************************************************************
                  TI ARM Linker PC v18.1.3                     
******************************************************************************
>> Linked Fri Nov 30 10:25:30 2018

OUTPUT FILE NAME:   <FinalProjectF_2020.out>
ENTRY POINT SYMBOL: "_c_int00_noargs"  address: 0000362d


MEMORY CONFIGURATION

         name            origin    length      used     unused   attr    fill
----------------------  --------  ---------  --------  --------  ----  --------
  MAIN                  00000000   00040000  000037b4  0003c84c  R  X
  INFO                  00200000   00004000  00000000  00004000  R  X
  SRAM_CODE             01000000   00010000  000002cd  0000fd33  RW X
  SRAM_DATA             20000000   00010000  000002cd  0000fd33  RW  


SEGMENT ALLOCATION MAP

run origin  load origin   length   init length attrs members
----------  ----------- ---------- ----------- ----- -------
00000000    00000000    000037b8   000037b8    r-x
  00000000    00000000    000000e4   000000e4    r-- .intvecs
  000000e4    000000e4    00003658   00003658    r-x .text
  00003740    00003740    00000030   00000030    r-- .const
  00003770    00003770    00000048   00000048    r-- .cinit
20000000    20000000    000000ce   00000000    rw-
  20000000    20000000    0000007b   00000000    rw- .bss
  2000007c    2000007c    00000052   00000000    rw- .data
2000fe00    2000fe00    00000200   00000000    rw-
  2000fe00    2000fe00    00000200   00000000    rw- .stack


SECTION ALLOCATION MAP

 output                                  attributes/
section   page    origin      length       input sections
--------  ----  ----------  ----------   ----------------
.intvecs   0    00000000    000000e4     
                  00000000    000000e4     startup_msp432p401r_ccs.obj (.intvecs:retain)

.text      0    000000e4    00003658     
                  000000e4    0000171c     Project_Main.obj (.text)
                  00001800    000009c0     rtsv7M4_T_le_v4SPD16_eabi.lib : e_pow.c.obj (.text:pow)
                  000021c0    00000378     promain.obj (.text)
                  00002538    00000334     system_msp432p401r.obj (.text)
                  0000286c    0000021c     Serial.obj (.text)
                  00002a88    000001b6     rtsv7M4_T_le_v4SPD16_eabi.lib : fd_add_t2.asm.obj (.text)
                  00002c3e    00000002     --HOLE-- [fill = 0]
                  00002c40    00000158                                   : e_sqrt.c.obj (.text:sqrt)
                  00002d98    00000154     temp.obj (.text)
                  00002eec    00000138     lcd.obj (.text)
                  00003024    00000136     rtsv7M4_T_le_v4SPD16_eabi.lib : fd_div_t2.asm.obj (.text)
                  0000315a    00000002     --HOLE-- [fill = 0]
                  0000315c    00000110                                   : s_scalbn.c.obj (.text:scalbn)
                  0000326c    000000fc                                   : fd_mul_t2.asm.obj (.text)
                  00003368    0000009c                                   : memcpy_t2.asm.obj (.text)
                  00003404    00000086                                   : fd_cmp_t2.asm.obj (.text:__aeabi_cdcmple)
                  0000348a    00000086                                   : fd_cmp_t2.asm.obj (.text:__aeabi_cdrcmple)
                  00003510    0000006e                                   : fd_tos_t2.asm.obj (.text)
                  0000357e    00000068                                   : copy_decompress_lzss.c.obj (.text:decompress:lzss:__TI_decompress_lzss)
                  000035e6    00000002     --HOLE-- [fill = 0]
                  000035e8    00000044                                   : autoinit.c.obj (.text:__TI_auto_init_nobinit_nopinit:__TI_auto_init_nobinit_nopinit)
                  0000362c    00000038                                   : boot_cortex_m.c.obj (.text:_c_int00_noargs:_c_int00_noargs)
                  00003664    00000038                                   : fs_tod_t2.asm.obj (.text)
                  0000369c    0000002e                                   : i_tofd_t2.asm.obj (.text)
                  000036ca    00000020                                   : u_tofd_t2.asm.obj (.text)
                  000036ea    00000014                                   : s_copysign.c.obj (.text:copysign)
                  000036fe    00000012                                   : copy_zero_init.c.obj (.text:decompress:ZI:__TI_zero_init_nomemset:__TI_zero_init_nomemset)
                  00003710    0000000e                                   : copy_decompress_none.c.obj (.text:decompress:none:__TI_decompress_none)
                  0000371e    0000000e     startup_msp432p401r_ccs.obj (.text)
                  0000372c    00000008     rtsv7M4_T_le_v4SPD16_eabi.lib : errno.c.obj (.text:__aeabi_errno_addr)
                  00003734    00000004                                   : pre_init.c.obj (.text:_system_pre_init)
                  00003738    00000004                                   : exit.c.obj (.text:abort:abort)

.const     0    00003740    00000030     
                  00003740    00000030     rtsv7M4_T_le_v4SPD16_eabi.lib : e_pow.c.obj (.const:$O1$$)

.cinit     0    00003770    00000048     
                  00003770    00000020     (.cinit..data.load) [load image, compression = lzss]
                  00003790    0000000c     (__TI_handler_table)
                  0000379c    00000004     --HOLE-- [fill = 0]
                  000037a0    00000008     (.cinit..bss.load) [load image, compression = zero_init]
                  000037a8    00000010     (__TI_cinit_table)

.init_array 
*          0    00000000    00000000     UNINITIALIZED

.binit     0    00000000    00000000     

.bss       0    20000000    0000007b     UNINITIALIZED
                  20000000    00000064     (.common:INPUT_BUFFER)
                  20000064    00000008     (.common:TempS)
                  2000006c    00000004     (.common:bright)
                  20000070    00000003     (.common:now)
                  20000073    00000003     (.common:set)
                  20000076    00000002     (.common:alarm)
                  20000078    00000002     (.common:snooz)
                  2000007a    00000001     (.common:state)

.data      0    2000007c    00000052     UNINITIALIZED
                  2000007c    00000034     Project_Main.obj (.data)
                  200000b0    0000000b     Project_Main.obj (.data:timeDisp)
                  200000bb    00000001     --HOLE--
                  200000bc    00000004     rtsv7M4_T_le_v4SPD16_eabi.lib : errno.c.obj (.data)
                  200000c0    00000004     system_msp432p401r.obj (.data)
                  200000c4    00000003     Project_Main.obj (.data:Off)
                  200000c7    00000003     Project_Main.obj (.data:On)
                  200000ca    00000002     Project_Main.obj (.data:Blink)
                  200000cc    00000002     Serial.obj (.data)

.stack     0    2000fe00    00000200     UNINITIALIZED
                  2000fe00    00000004     rtsv7M4_T_le_v4SPD16_eabi.lib : boot_cortex_m.c.obj (.stack)
                  2000fe04    000001fc     --HOLE--

MODULE SUMMARY

       Module                        code    ro data   rw data
       ------                        ----    -------   -------
    .\
       Project_Main.obj              5916    0         388    
       promain.obj                   888     0         0      
       system_msp432p401r.obj        820     0         8      
       Serial.obj                    540     0         4      
       temp.obj                      340     0         0      
       lcd.obj                       312     0         0      
       startup_msp432p401r_ccs.obj   14      228       0      
    +--+-----------------------------+-------+---------+---------+
       Total:                        8830    228       400    
                                                              
    C:\ti\ccs810\ccsv8\tools\compiler\ti-cgt-arm_18.1.3.LTS\lib\rtsv7M4_T_le_v4SPD16_eabi.lib
       e_pow.c.obj                   2496    48        0      
       fd_add_t2.asm.obj             438     0         0      
       e_sqrt.c.obj                  344     0         0      
       fd_div_t2.asm.obj             310     0         0      
       s_scalbn.c.obj                272     0         0      
       fd_cmp_t2.asm.obj             268     0         0      
       fd_mul_t2.asm.obj             252     0         0      
       memcpy_t2.asm.obj             156     0         0      
       fd_tos_t2.asm.obj             110     0         0      
       copy_decompress_lzss.c.obj    104     0         0      
       autoinit.c.obj                68      0         0      
       boot_cortex_m.c.obj           56      0         0      
       fs_tod_t2.asm.obj             56      0         0      
       i_tofd_t2.asm.obj             46      0         0      
       u_tofd_t2.asm.obj             32      0         0      
       s_copysign.c.obj              20      0         0      
       copy_zero_init.c.obj          18      0         0      
       errno.c.obj                   8       0         8      
       copy_decompress_none.c.obj    14      0         0      
       exit.c.obj                    4       0         0      
       pre_init.c.obj                4       0         0      
    +--+-----------------------------+-------+---------+---------+
       Total:                        5076    48        8      
                                                              
       Stack:                        0       0         1024   
       Linker Generated:             0       68        0      
    +--+-----------------------------+-------+---------+---------+
       Grand Total:                  13906   344       1432   


LINKER GENERATED COPY TABLES

__TI_cinit_table @ 000037a8 records: 2, size/record: 8, table size: 16
	.data: load addr=00003770, load size=00000020 bytes, run addr=2000007c, run size=00000052 bytes, compression=lzss
	.bss: load addr=000037a0, load size=00000008 bytes, run addr=20000000, run size=0000007b bytes, compression=zero_init


LINKER GENERATED HANDLER TABLE

__TI_handler_table @ 00003790 records: 3, size/record: 4, table size: 12
	index: 0, handler: __TI_decompress_lzss
	index: 1, handler: __TI_decompress_none
	index: 2, handler: __TI_zero_init


GLOBAL SYMBOLS: SORTED ALPHABETICALLY BY Name 

address   name                          
-------   ----                          
0000372b  ADC14_IRQHandler              
00002d99  ADC14init                     
0000372b  AES256_IRQHandler             
2000007c  AmPmFlag                      
200000ca  Blink                         
0000372b  BusFault_Handler              
00003739  C$$EXIT                       
0000372b  COMP_E0_IRQHandler            
0000372b  COMP_E1_IRQHandler            
0000372b  CS_IRQHandler                 
0000372b  DMA_ERR_IRQHandler            
0000372b  DMA_INT0_IRQHandler           
0000372b  DMA_INT1_IRQHandler           
0000372b  DMA_INT2_IRQHandler           
0000372b  DMA_INT3_IRQHandler           
0000372b  DebugMon_Handler              
0000372b  Default_Handler               
0000293b  EUSCIA0_IRQHandler            
0000293b  EUSCIA0_IRQHandler            
0000372b  EUSCIA1_IRQHandler            
0000372b  EUSCIA2_IRQHandler            
0000372b  EUSCIA3_IRQHandler            
0000372b  EUSCIB0_IRQHandler            
0000372b  EUSCIB1_IRQHandler            
0000372b  EUSCIB2_IRQHandler            
0000372b  EUSCIB3_IRQHandler            
0000372b  FLCTL_IRQHandler              
0000372b  FPU_IRQHandler                
0000372b  HardFault_Handler             
20000000  INPUT_BUFFER                  
200000ac  MaxBright                     
0000372b  MemManage_Handler             
200000a0  MinSecFlag                    
0000372b  NMI_Handler                   
200000c4  Off                           
200000c7  On                            
0000372b  PCM_IRQHandler                
00000c4d  PORT1_IRQHandler              
00000c4d  PORT1_IRQHandler              
0000372b  PORT2_IRQHandler              
0000372b  PORT3_IRQHandler              
0000372b  PORT4_IRQHandler              
0000372b  PORT5_IRQHandler              
0000372b  PORT6_IRQHandler              
0000372b  PSS_IRQHandler                
0000372b  PendSV_Handler                
00002f57  PulsEnablePin                 
20000080  RTCFlag                       
00000b25  RTC_C_IRQHandler              
00000b25  RTC_C_IRQHandler              
0000371f  Reset_Handler                 
0000372b  SVC_Handler                   
0000372b  SysTick_Handler               
00002449  SysTick_Init                  
200000c0  SystemCoreClock               
00002539  SystemCoreClockUpdate         
000027b1  SystemInit                    
0000372b  T32_INT1_IRQHandler           
0000372b  T32_INT2_IRQHandler           
0000372b  T32_INTC_IRQHandler           
0000372b  TA0_0_IRQHandler              
0000372b  TA0_N_IRQHandler              
0000372b  TA1_0_IRQHandler              
0000372b  TA1_N_IRQHandler              
0000372b  TA2_0_IRQHandler              
0000372b  TA2_N_IRQHandler              
0000372b  TA3_0_IRQHandler              
0000372b  TA3_N_IRQHandler              
20000064  TempS                         
0000372b  UsageFault_Handler            
4000480c  WDTCTL_SYM                    
0000372b  WDT_A_IRQHandler              
20010000  __STACK_END                   
00000200  __STACK_SIZE                  
000037a8  __TI_CINIT_Base               
000037b8  __TI_CINIT_Limit              
00003790  __TI_Handler_Table_Base       
0000379c  __TI_Handler_Table_Limit      
000035e9  __TI_auto_init_nobinit_nopinit
0000357f  __TI_decompress_lzss          
00003711  __TI_decompress_none          
ffffffff  __TI_pprof_out_hndl           
ffffffff  __TI_prof_data_size           
ffffffff  __TI_prof_data_start          
00000000  __TI_static_base__            
000036ff  __TI_zero_init_nomemset       
00003405  __aeabi_cdcmpeq               
00003405  __aeabi_cdcmple               
0000348b  __aeabi_cdrcmple              
00003511  __aeabi_d2f                   
00002a93  __aeabi_dadd                  
00003025  __aeabi_ddiv                  
0000326d  __aeabi_dmul                  
00002a89  __aeabi_dsub                  
0000372d  __aeabi_errno_addr            
00003665  __aeabi_f2d                   
0000369d  __aeabi_i2d                   
00003369  __aeabi_memcpy                
00003369  __aeabi_memcpy4               
00003369  __aeabi_memcpy8               
000036cb  __aeabi_ui2d                  
ffffffff  __binit__                     
ffffffff  __c_args__                    
UNDEFED   __mpu_init                    
2000fe00  __stack                       
0000362d  _c_int00_noargs               
UNDEFED   _system_post_cinit            
00003735  _system_pre_init              
00003739  abort                         
20000076  alarm                         
20000090  alarmFlag                     
20000098  alarmGoFlag                   
ffffffff  binit                         
20000094  blinkFlag                     
2000006c  bright                        
00002feb  comWrit                       
000024af  configRTC                     
000015c5  convertAlarmSet               
00000b69  convertTemp                   
000008fd  convertTime                   
00001369  convertTimeSet                
000036eb  copysign                      
000036eb  copysignl                     
200000a4  counter                       
00003005  dataWrit                      
20000084  degreeFlag                    
00002465  delay_micro                   
00002489  delay_ms                      
0000089d  displayTemp                   
0000086f  displayTime                   
200000bc  errno                         
00002def  getTemp                       
200000a8  i                             
00002eed  initLCD                       
000021c1  initPins                      
00000000  interruptVectors              
0000315d  ldexp                         
0000315d  ldexpl                        
00000111  main                          
00003369  memcpy                        
20000070  now                           
00001801  pow                           
00001801  powl                          
00002fb3  pushByt                       
00002f8b  pushNib                       
000028cb  readInput                     
200000cd  read_location                 
0000315d  scalbn                        
0000315d  scalbnl                       
20000073  set                           
2000008c  setAlarmFlag                  
00001311  setRTC                        
20000088  setTimeFlag                   
00002971  setupP2                       
000029c7  setupSerial                   
20000078  snooz                         
2000009c  snoozFlag                     
00002c41  sqrt                          
00002c41  sqrtl                         
2000007a  state                         
200000cc  storage_location              
200000b0  timeDisp                      
00002899  writeOutput                   


GLOBAL SYMBOLS: SORTED BY Symbol Address 

address   name                          
-------   ----                          
00000000  __TI_static_base__            
00000000  interruptVectors              
00000111  main                          
00000200  __STACK_SIZE                  
0000086f  displayTime                   
0000089d  displayTemp                   
000008fd  convertTime                   
00000b25  RTC_C_IRQHandler              
00000b25  RTC_C_IRQHandler              
00000b69  convertTemp                   
00000c4d  PORT1_IRQHandler              
00000c4d  PORT1_IRQHandler              
00001311  setRTC                        
00001369  convertTimeSet                
000015c5  convertAlarmSet               
00001801  pow                           
00001801  powl                          
000021c1  initPins                      
00002449  SysTick_Init                  
00002465  delay_micro                   
00002489  delay_ms                      
000024af  configRTC                     
00002539  SystemCoreClockUpdate         
000027b1  SystemInit                    
00002899  writeOutput                   
000028cb  readInput                     
0000293b  EUSCIA0_IRQHandler            
0000293b  EUSCIA0_IRQHandler            
00002971  setupP2                       
000029c7  setupSerial                   
00002a89  __aeabi_dsub                  
00002a93  __aeabi_dadd                  
00002c41  sqrt                          
00002c41  sqrtl                         
00002d99  ADC14init                     
00002def  getTemp                       
00002eed  initLCD                       
00002f57  PulsEnablePin                 
00002f8b  pushNib                       
00002fb3  pushByt                       
00002feb  comWrit                       
00003005  dataWrit                      
00003025  __aeabi_ddiv                  
0000315d  ldexp                         
0000315d  ldexpl                        
0000315d  scalbn                        
0000315d  scalbnl                       
0000326d  __aeabi_dmul                  
00003369  __aeabi_memcpy                
00003369  __aeabi_memcpy4               
00003369  __aeabi_memcpy8               
00003369  memcpy                        
00003405  __aeabi_cdcmpeq               
00003405  __aeabi_cdcmple               
0000348b  __aeabi_cdrcmple              
00003511  __aeabi_d2f                   
0000357f  __TI_decompress_lzss          
000035e9  __TI_auto_init_nobinit_nopinit
0000362d  _c_int00_noargs               
00003665  __aeabi_f2d                   
0000369d  __aeabi_i2d                   
000036cb  __aeabi_ui2d                  
000036eb  copysign                      
000036eb  copysignl                     
000036ff  __TI_zero_init_nomemset       
00003711  __TI_decompress_none          
0000371f  Reset_Handler                 
0000372b  ADC14_IRQHandler              
0000372b  AES256_IRQHandler             
0000372b  BusFault_Handler              
0000372b  COMP_E0_IRQHandler            
0000372b  COMP_E1_IRQHandler            
0000372b  CS_IRQHandler                 
0000372b  DMA_ERR_IRQHandler            
0000372b  DMA_INT0_IRQHandler           
0000372b  DMA_INT1_IRQHandler           
0000372b  DMA_INT2_IRQHandler           
0000372b  DMA_INT3_IRQHandler           
0000372b  DebugMon_Handler              
0000372b  Default_Handler               
0000372b  EUSCIA1_IRQHandler            
0000372b  EUSCIA2_IRQHandler            
0000372b  EUSCIA3_IRQHandler            
0000372b  EUSCIB0_IRQHandler            
0000372b  EUSCIB1_IRQHandler            
0000372b  EUSCIB2_IRQHandler            
0000372b  EUSCIB3_IRQHandler            
0000372b  FLCTL_IRQHandler              
0000372b  FPU_IRQHandler                
0000372b  HardFault_Handler             
0000372b  MemManage_Handler             
0000372b  NMI_Handler                   
0000372b  PCM_IRQHandler                
0000372b  PORT2_IRQHandler              
0000372b  PORT3_IRQHandler              
0000372b  PORT4_IRQHandler              
0000372b  PORT5_IRQHandler              
0000372b  PORT6_IRQHandler              
0000372b  PSS_IRQHandler                
0000372b  PendSV_Handler                
0000372b  SVC_Handler                   
0000372b  SysTick_Handler               
0000372b  T32_INT1_IRQHandler           
0000372b  T32_INT2_IRQHandler           
0000372b  T32_INTC_IRQHandler           
0000372b  TA0_0_IRQHandler              
0000372b  TA0_N_IRQHandler              
0000372b  TA1_0_IRQHandler              
0000372b  TA1_N_IRQHandler              
0000372b  TA2_0_IRQHandler              
0000372b  TA2_N_IRQHandler              
0000372b  TA3_0_IRQHandler              
0000372b  TA3_N_IRQHandler              
0000372b  UsageFault_Handler            
0000372b  WDT_A_IRQHandler              
0000372d  __aeabi_errno_addr            
00003735  _system_pre_init              
00003739  C$$EXIT                       
00003739  abort                         
00003790  __TI_Handler_Table_Base       
0000379c  __TI_Handler_Table_Limit      
000037a8  __TI_CINIT_Base               
000037b8  __TI_CINIT_Limit              
20000000  INPUT_BUFFER                  
20000064  TempS                         
2000006c  bright                        
20000070  now                           
20000073  set                           
20000076  alarm                         
20000078  snooz                         
2000007a  state                         
2000007c  AmPmFlag                      
20000080  RTCFlag                       
20000084  degreeFlag                    
20000088  setTimeFlag                   
2000008c  setAlarmFlag                  
20000090  alarmFlag                     
20000094  blinkFlag                     
20000098  alarmGoFlag                   
2000009c  snoozFlag                     
200000a0  MinSecFlag                    
200000a4  counter                       
200000a8  i                             
200000ac  MaxBright                     
200000b0  timeDisp                      
200000bc  errno                         
200000c0  SystemCoreClock               
200000c4  Off                           
200000c7  On                            
200000ca  Blink                         
200000cc  storage_location              
200000cd  read_location                 
2000fe00  __stack                       
20010000  __STACK_END                   
4000480c  WDTCTL_SYM                    
ffffffff  __TI_pprof_out_hndl           
ffffffff  __TI_prof_data_size           
ffffffff  __TI_prof_data_start          
ffffffff  __binit__                     
ffffffff  __c_args__                    
ffffffff  binit                         
UNDEFED   __mpu_init                    
UNDEFED   _system_post_cinit            

[163 symbols]
