******************************************************************************
                  TI ARM Linker PC v18.1.3                     
******************************************************************************
>> Linked Fri Nov 30 20:10:22 2018

OUTPUT FILE NAME:   <FinalProjectF_2020.out>
ENTRY POINT SYMBOL: "_c_int00_noargs"  address: 000054cd


MEMORY CONFIGURATION

         name            origin    length      used     unused   attr    fill
----------------------  --------  ---------  --------  --------  ----  --------
  MAIN                  00000000   00040000  00005808  0003a7f8  R  X
  INFO                  00200000   00004000  00000000  00004000  R  X
  SRAM_CODE             01000000   00010000  00000357  0000fca9  RW X
  SRAM_DATA             20000000   00010000  00000357  0000fca9  RW  


SEGMENT ALLOCATION MAP

run origin  load origin   length   init length attrs members
----------  ----------- ---------- ----------- ----- -------
00000000    00000000    00005808   00005808    r-x
  00000000    00000000    000000e4   000000e4    r-- .intvecs
  000000e4    000000e4    0000558c   0000558c    r-x .text
  00005670    00005670    00000138   00000138    r-- .const
  000057a8    000057a8    00000060   00000060    r-- .cinit
20000000    20000000    00000158   00000000    rw-
  20000000    20000000    000000df   00000000    rw- .bss
  200000e0    200000e0    00000078   00000000    rw- .data
2000fe00    2000fe00    00000200   00000000    rw-
  2000fe00    2000fe00    00000200   00000000    rw- .stack


SECTION ALLOCATION MAP

 output                                  attributes/
section   page    origin      length       input sections
--------  ----  ----------  ----------   ----------------
.intvecs   0    00000000    000000e4     
                  00000000    000000e4     startup_msp432p401r_ccs.obj (.intvecs:retain)

.text      0    000000e4    0000558c     
                  000000e4    00001ef4     Project_Main.obj (.text)
                  00001fd8    00000a5e     rtsv7M4_T_le_v4SPD16_eabi.lib : _printfi.c.obj (.text:__TI_printfi)
                  00002a36    00000002                                   : div0.asm.obj (.text)
                  00002a38    000009c0                                   : e_pow.c.obj (.text:pow)
                  000033f8    00000444     promain.obj (.text)
                  0000383c    00000334     system_msp432p401r.obj (.text)
                  00003b70    00000270     rtsv7M4_T_le_v4SPD16_eabi.lib : _printfi.c.obj (.text:_pconv_a)
                  00003de0    000001ec     temp.obj (.text)
                  00003fcc    000001d0     rtsv7M4_T_le_v4SPD16_eabi.lib : _printfi.c.obj (.text:_pconv_g)
                  0000419c    000001b6                                   : fd_add_t2.asm.obj (.text)
                  00004352    00000002     --HOLE-- [fill = 0]
                  00004354    0000019c     Serial.obj (.text)
                  000044f0    00000158     rtsv7M4_T_le_v4SPD16_eabi.lib : e_sqrt.c.obj (.text:sqrt)
                  00004648    0000013c                                   : _printfi.c.obj (.text:_pconv_e)
                  00004784    00000138     lcd.obj (.text)
                  000048bc    00000136     rtsv7M4_T_le_v4SPD16_eabi.lib : fd_div_t2.asm.obj (.text)
                  000049f2    00000002     --HOLE-- [fill = 0]
                  000049f4    00000120                                   : _printfi.c.obj (.text:fcvt)
                  00004b14    00000110                                   : s_scalbn.c.obj (.text:scalbn)
                  00004c24    000000fc                                   : fd_mul_t2.asm.obj (.text)
                  00004d20    000000b1                                   : _printfi.c.obj (.text:_ltostr)
                  00004dd1    00000001     --HOLE-- [fill = 0]
                  00004dd2    0000009c                                   : memcpy_t2.asm.obj (.text)
                  00004e6e    00000096                                   : ull_div_t2.asm.obj (.text)
                  00004f04    00000086                                   : fd_cmp_t2.asm.obj (.text:__aeabi_cdcmple)
                  00004f8a    00000086                                   : fd_cmp_t2.asm.obj (.text:__aeabi_cdrcmple)
                  00005010    0000007a                                   : memset_t2.asm.obj (.text)
                  0000508a    0000006e                                   : _printfi.c.obj (.text:_mcpy)
                  000050f8    0000006e                                   : fd_tos_t2.asm.obj (.text)
                  00005166    00000068                                   : copy_decompress_lzss.c.obj (.text:decompress:lzss:__TI_decompress_lzss)
                  000051ce    00000002     --HOLE-- [fill = 0]
                  000051d0    00000064                                   : s_frexp.c.obj (.text:frexp)
                  00005234    00000056                                   : _printfi.c.obj (.text:_pconv_f)
                  0000528a    00000054                                   : ltoa.c.obj (.text:ltoa)
                  000052de    00000052                                   : _printfi.c.obj (.text:_ecpy)
                  00005330    0000004c                                   : atoi.c.obj (.text:atoi)
                  0000537c    00000048                                   : fd_toi_t2.asm.obj (.text)
                  000053c4    00000044                                   : autoinit.c.obj (.text:__TI_auto_init_nobinit_nopinit:__TI_auto_init_nobinit_nopinit)
                  00005408    00000044     speaker.obj (.text)
                  0000544c    00000040     rtsv7M4_T_le_v4SPD16_eabi.lib : sprintf.c.obj (.text:sprintf)
                  0000548c    0000003e                                   : _printfi.c.obj (.text:_fcpy)
                  000054ca    00000002     --HOLE-- [fill = 0]
                  000054cc    00000038                                   : boot_cortex_m.c.obj (.text:_c_int00_noargs:_c_int00_noargs)
                  00005504    00000038                                   : fs_tod_t2.asm.obj (.text)
                  0000553c    0000002e                                   : i_tofd_t2.asm.obj (.text)
                  0000556a    00000020                                   : u_tofd_t2.asm.obj (.text)
                  0000558a    0000001c                                   : memccpy.c.obj (.text:memccpy)
                  000055a6    00000018                                   : sprintf.c.obj (.text:_outs)
                  000055be    00000018                                   : strcmp.c.obj (.text:strcmp)
                  000055d6    00000016                                   : strchr.c.obj (.text:strchr)
                  000055ec    00000014                                   : s_copysign.c.obj (.text:copysign)
                  00005600    00000014                                   : strlen.c.obj (.text:strlen)
                  00005614    00000012                                   : copy_zero_init.c.obj (.text:decompress:ZI:__TI_zero_init_nomemset:__TI_zero_init_nomemset)
                  00005626    00000012                                   : wcslen.c.obj (.text:wcslen)
                  00005638    0000000e                                   : copy_decompress_none.c.obj (.text:decompress:none:__TI_decompress_none)
                  00005646    0000000e     startup_msp432p401r_ccs.obj (.text)
                  00005654    0000000a     rtsv7M4_T_le_v4SPD16_eabi.lib : sprintf.c.obj (.text:_outc)
                  0000565e    00000002     --HOLE-- [fill = 0]
                  00005660    00000008                                   : errno.c.obj (.text:__aeabi_errno_addr)
                  00005668    00000004                                   : pre_init.c.obj (.text:_system_pre_init)
                  0000566c    00000004                                   : exit.c.obj (.text:abort:abort)

.const     0    00005670    00000138     
                  00005670    00000101     rtsv7M4_T_le_v4SPD16_eabi.lib : ctype.c.obj (.const:.string:_ctypes_)
                  00005771    00000007     --HOLE-- [fill = 0]
                  00005778    00000030                                   : e_pow.c.obj (.const:$O1$$)

.cinit     0    000057a8    00000060     
                  000057a8    0000003b     (.cinit..data.load) [load image, compression = lzss]
                  000057e3    00000001     --HOLE-- [fill = 0]
                  000057e4    0000000c     (__TI_handler_table)
                  000057f0    00000008     (.cinit..bss.load) [load image, compression = zero_init]
                  000057f8    00000010     (__TI_cinit_table)

.init_array 
*          0    00000000    00000000     UNINITIALIZED

.binit     0    00000000    00000000     

.bss       0    20000000    000000df     UNINITIALIZED
                  20000000    00000064     (.common:INPUT_BUFFER)
                  20000064    00000064     (.common:terminal)
                  200000c8    00000008     (.common:TempS)
                  200000d0    00000004     (.common:bright)
                  200000d4    00000003     (.common:now)
                  200000d7    00000003     (.common:set)
                  200000da    00000002     (.common:alarm)
                  200000dc    00000002     (.common:snooz)
                  200000de    00000001     (.common:state)

.data      0    200000e0    00000078     UNINITIALIZED
                  200000e0    00000048     Project_Main.obj (.data)
                  20000128    0000000b     Project_Main.obj (.data:timeDisp)
                  20000133    0000000a     Project_Main.obj (.data:readA)
                  2000013d    00000009     Project_Main.obj (.data:readT)
                  20000146    00000002     Project_Main.obj (.data:Blink)
                  20000148    00000004     rtsv7M4_T_le_v4SPD16_eabi.lib : errno.c.obj (.data)
                  2000014c    00000004     system_msp432p401r.obj (.data)
                  20000150    00000003     Project_Main.obj (.data:Off)
                  20000153    00000003     Project_Main.obj (.data:On)
                  20000156    00000002     Serial.obj (.data)

.stack     0    2000fe00    00000200     UNINITIALIZED
                  2000fe00    00000004     rtsv7M4_T_le_v4SPD16_eabi.lib : boot_cortex_m.c.obj (.stack)
                  2000fe04    000001fc     --HOLE--

MODULE SUMMARY

       Module                        code    ro data   rw data
       ------                        ----    -------   -------
    .\
       Project_Main.obj              7924    0         666    
       promain.obj                   1092    0         0      
       system_msp432p401r.obj        820     0         8      
       temp.obj                      492     0         0      
       Serial.obj                    412     0         4      
       lcd.obj                       312     0         0      
       startup_msp432p401r_ccs.obj   14      228       0      
       speaker.obj                   68      0         0      
    +--+-----------------------------+-------+---------+---------+
       Total:                        11134   228       678    
                                                              
    C:\ti\ccs810\ccsv8\tools\compiler\ti-cgt-arm_18.1.3.LTS\lib\rtsv7M4_T_le_v4SPD16_eabi.lib
       _printfi.c.obj                4863    0         0      
       e_pow.c.obj                   2496    48        0      
       fd_add_t2.asm.obj             438     0         0      
       e_sqrt.c.obj                  344     0         0      
       fd_div_t2.asm.obj             310     0         0      
       s_scalbn.c.obj                272     0         0      
       fd_cmp_t2.asm.obj             268     0         0      
       ctype.c.obj                   0       257       0      
       fd_mul_t2.asm.obj             252     0         0      
       memcpy_t2.asm.obj             156     0         0      
       ull_div_t2.asm.obj            150     0         0      
       memset_t2.asm.obj             122     0         0      
       fd_tos_t2.asm.obj             110     0         0      
       copy_decompress_lzss.c.obj    104     0         0      
       s_frexp.c.obj                 100     0         0      
       sprintf.c.obj                 98      0         0      
       ltoa.c.obj                    84      0         0      
       atoi.c.obj                    76      0         0      
       fd_toi_t2.asm.obj             72      0         0      
       autoinit.c.obj                68      0         0      
       boot_cortex_m.c.obj           56      0         0      
       fs_tod_t2.asm.obj             56      0         0      
       i_tofd_t2.asm.obj             46      0         0      
       u_tofd_t2.asm.obj             32      0         0      
       memccpy.c.obj                 28      0         0      
       strcmp.c.obj                  24      0         0      
       strchr.c.obj                  22      0         0      
       s_copysign.c.obj              20      0         0      
       strlen.c.obj                  20      0         0      
       copy_zero_init.c.obj          18      0         0      
       wcslen.c.obj                  18      0         0      
       errno.c.obj                   8       0         8      
       copy_decompress_none.c.obj    14      0         0      
       exit.c.obj                    4       0         0      
       pre_init.c.obj                4       0         0      
       div0.asm.obj                  2       0         0      
    +--+-----------------------------+-------+---------+---------+
       Total:                        10755   305       8      
                                                              
       Stack:                        0       0         1024   
       Linker Generated:             0       95        0      
    +--+-----------------------------+-------+---------+---------+
       Grand Total:                  21889   628       1710   


LINKER GENERATED COPY TABLES

__TI_cinit_table @ 000057f8 records: 2, size/record: 8, table size: 16
	.data: load addr=000057a8, load size=0000003b bytes, run addr=200000e0, run size=00000078 bytes, compression=lzss
	.bss: load addr=000057f0, load size=00000008 bytes, run addr=20000000, run size=000000df bytes, compression=zero_init


LINKER GENERATED HANDLER TABLE

__TI_handler_table @ 000057e4 records: 3, size/record: 4, table size: 12
	index: 0, handler: __TI_decompress_lzss
	index: 1, handler: __TI_decompress_none
	index: 2, handler: __TI_zero_init


GLOBAL SYMBOLS: SORTED ALPHABETICALLY BY Name 

address   name                          
-------   ----                          
00005653  ADC14_IRQHandler              
00003de1  ADC14init                     
00005653  AES256_IRQHandler             
200000e0  AmPmFlag                      
20000146  Blink                         
00005653  BusFault_Handler              
0000566d  C$$EXIT                       
00005653  COMP_E0_IRQHandler            
00005653  COMP_E1_IRQHandler            
00005653  CS_IRQHandler                 
00005653  DMA_ERR_IRQHandler            
00005653  DMA_INT0_IRQHandler           
00005653  DMA_INT1_IRQHandler           
00005653  DMA_INT2_IRQHandler           
00005653  DMA_INT3_IRQHandler           
00005653  DebugMon_Handler              
00005653  Default_Handler               
00004423  EUSCIA0_IRQHandler            
00004423  EUSCIA0_IRQHandler            
00005653  EUSCIA1_IRQHandler            
00005653  EUSCIA2_IRQHandler            
00005653  EUSCIA3_IRQHandler            
00005653  EUSCIB0_IRQHandler            
00005653  EUSCIB1_IRQHandler            
00005653  EUSCIB2_IRQHandler            
00005653  EUSCIB3_IRQHandler            
00005653  FLCTL_IRQHandler              
00005653  FPU_IRQHandler                
00005653  HardFault_Handler             
20000000  INPUT_BUFFER                  
00003ee1  LCDbrightUpdate               
20000124  MaxBright                     
00005653  MemManage_Handler             
20000104  MinSecFlag                    
00005653  NMI_Handler                   
20000150  Off                           
20000153  On                            
00005653  PCM_IRQHandler                
00000e01  PORT1_IRQHandler              
00000e01  PORT1_IRQHandler              
00005653  PORT2_IRQHandler              
00005653  PORT3_IRQHandler              
00005653  PORT4_IRQHandler              
00005653  PORT5_IRQHandler              
00005653  PORT6_IRQHandler              
00005653  PSS_IRQHandler                
00005653  PendSV_Handler                
000047ef  PulsEnablePin                 
200000e4  RTCFlag                       
00000cd5  RTC_C_IRQHandler              
00000cd5  RTC_C_IRQHandler              
00005647  Reset_Handler                 
00005653  SVC_Handler                   
00005653  SysTick_Handler               
0000371b  SysTick_Init                  
2000014c  SystemCoreClock               
0000383d  SystemCoreClockUpdate         
00003ab5  SystemInit                    
00005653  T32_INT1_IRQHandler           
00005653  T32_INT2_IRQHandler           
00005653  T32_INTC_IRQHandler           
00005653  TA0_0_IRQHandler              
00005653  TA0_N_IRQHandler              
00005653  TA1_0_IRQHandler              
00005653  TA1_N_IRQHandler              
00005653  TA2_0_IRQHandler              
00005653  TA2_N_IRQHandler              
00005653  TA3_0_IRQHandler              
00005653  TA3_N_IRQHandler              
200000c8  TempS                         
00005653  UsageFault_Handler            
4000480c  WDTCTL_SYM                    
00005653  WDT_A_IRQHandler              
20010000  __STACK_END                   
00000200  __STACK_SIZE                  
000057f8  __TI_CINIT_Base               
00005808  __TI_CINIT_Limit              
000057e4  __TI_Handler_Table_Base       
000057f0  __TI_Handler_Table_Limit      
000053c5  __TI_auto_init_nobinit_nopinit
00005167  __TI_decompress_lzss          
00005639  __TI_decompress_none          
ffffffff  __TI_pprof_out_hndl           
00001fd9  __TI_printfi                  
ffffffff  __TI_prof_data_size           
ffffffff  __TI_prof_data_start          
00000000  __TI_static_base__            
00005615  __TI_zero_init_nomemset       
00004f05  __aeabi_cdcmpeq               
00004f05  __aeabi_cdcmple               
00004f8b  __aeabi_cdrcmple              
000050f9  __aeabi_d2f                   
0000537d  __aeabi_d2iz                  
000041a7  __aeabi_dadd                  
000048bd  __aeabi_ddiv                  
00004c25  __aeabi_dmul                  
0000419d  __aeabi_dsub                  
00005661  __aeabi_errno_addr            
00005505  __aeabi_f2d                   
0000553d  __aeabi_i2d                   
00002a37  __aeabi_idiv0                 
00002a37  __aeabi_ldiv0                 
00005011  __aeabi_memclr                
00005011  __aeabi_memclr4               
00005011  __aeabi_memclr8               
00004dd3  __aeabi_memcpy                
00004dd3  __aeabi_memcpy4               
00004dd3  __aeabi_memcpy8               
00005013  __aeabi_memset                
00005013  __aeabi_memset4               
00005013  __aeabi_memset8               
0000556b  __aeabi_ui2d                  
00004e6f  __aeabi_uldivmod              
ffffffff  __binit__                     
ffffffff  __c_args__                    
UNDEFED   __mpu_init                    
2000fe00  __stack                       
000054cd  _c_int00_noargs               
00005670  _ctypes_                      
UNDEFED   _system_post_cinit            
00005669  _system_pre_init              
0000566d  abort                         
200000da  alarm                         
200000f4  alarmFlag                     
200000fc  alarmGoFlag                   
00005331  atoi                          
00005409  beep                          
ffffffff  binit                         
200000f8  blinkFlag                     
200000d0  bright                        
00001a15  checkStr                      
00004883  comWrit                       
00003781  configRTC                     
000017d9  convertAlarmSet               
00001caf  convertSerialAlarm            
00001ce9  convertSerialTime             
00000d15  convertTemp                   
00000ab1  convertTime                   
00001581  convertTimeSet                
000055ed  copysign                      
000055ed  copysignl                     
2000011c  counter                       
0000489d  dataWrit                      
200000e8  degreeFlag                    
00003737  delay_micro                   
0000375b  delay_ms                      
00000a41  displayTemp                   
00000a13  displayTime                   
20000148  errno                         
000051d1  frexp                         
000051d1  frexpl                        
00003e3d  getTemp                       
20000120  i                             
00004785  initLCD                       
000033f9  initPins                      
00000000  interruptVectors              
00004b15  ldexp                         
00004b15  ldexpl                        
0000528b  ltoa                          
00000111  main                          
0000558b  memccpy                       
00004dd3  memcpy                        
00005019  memset                        
200000d4  now                           
00002a39  pow                           
00002a39  powl                          
0000484b  pushByt                       
00004823  pushNib                       
2000010c  rAvalidFlag                   
20000110  rTvalidFlag                   
20000133  readA                         
000043b3  readInput                     
2000013d  readT                         
20000157  read_location                 
20000114  sAvalidFlag                   
20000118  sTvalidFlag                   
00004b15  scalbn                        
00004b15  scalbnl                       
00001e99  serialAlarm                   
00001d71  serialTime                    
200000d7  set                           
200000f0  setAlarmFlag                  
00001539  setRTC                        
200000ec  setTimeFlag                   
00004459  setupSerial                   
200000dc  snooz                         
20000100  snoozFlag                     
0000544d  sprintf                       
000044f1  sqrt                          
000044f1  sqrtl                         
200000de  state                         
20000156  storage_location              
000055d7  strchr                        
000055bf  strcmp                        
00005601  strlen                        
20000064  terminal                      
20000128  timeDisp                      
20000108  validFlag                     
00005627  wcslen                        
00004381  writeOutput                   


GLOBAL SYMBOLS: SORTED BY Symbol Address 

address   name                          
-------   ----                          
00000000  __TI_static_base__            
00000000  interruptVectors              
00000111  main                          
00000200  __STACK_SIZE                  
00000a13  displayTime                   
00000a41  displayTemp                   
00000ab1  convertTime                   
00000cd5  RTC_C_IRQHandler              
00000cd5  RTC_C_IRQHandler              
00000d15  convertTemp                   
00000e01  PORT1_IRQHandler              
00000e01  PORT1_IRQHandler              
00001539  setRTC                        
00001581  convertTimeSet                
000017d9  convertAlarmSet               
00001a15  checkStr                      
00001caf  convertSerialAlarm            
00001ce9  convertSerialTime             
00001d71  serialTime                    
00001e99  serialAlarm                   
00001fd9  __TI_printfi                  
00002a37  __aeabi_idiv0                 
00002a37  __aeabi_ldiv0                 
00002a39  pow                           
00002a39  powl                          
000033f9  initPins                      
0000371b  SysTick_Init                  
00003737  delay_micro                   
0000375b  delay_ms                      
00003781  configRTC                     
0000383d  SystemCoreClockUpdate         
00003ab5  SystemInit                    
00003de1  ADC14init                     
00003e3d  getTemp                       
00003ee1  LCDbrightUpdate               
0000419d  __aeabi_dsub                  
000041a7  __aeabi_dadd                  
00004381  writeOutput                   
000043b3  readInput                     
00004423  EUSCIA0_IRQHandler            
00004423  EUSCIA0_IRQHandler            
00004459  setupSerial                   
000044f1  sqrt                          
000044f1  sqrtl                         
00004785  initLCD                       
000047ef  PulsEnablePin                 
00004823  pushNib                       
0000484b  pushByt                       
00004883  comWrit                       
0000489d  dataWrit                      
000048bd  __aeabi_ddiv                  
00004b15  ldexp                         
00004b15  ldexpl                        
00004b15  scalbn                        
00004b15  scalbnl                       
00004c25  __aeabi_dmul                  
00004dd3  __aeabi_memcpy                
00004dd3  __aeabi_memcpy4               
00004dd3  __aeabi_memcpy8               
00004dd3  memcpy                        
00004e6f  __aeabi_uldivmod              
00004f05  __aeabi_cdcmpeq               
00004f05  __aeabi_cdcmple               
00004f8b  __aeabi_cdrcmple              
00005011  __aeabi_memclr                
00005011  __aeabi_memclr4               
00005011  __aeabi_memclr8               
00005013  __aeabi_memset                
00005013  __aeabi_memset4               
00005013  __aeabi_memset8               
00005019  memset                        
000050f9  __aeabi_d2f                   
00005167  __TI_decompress_lzss          
000051d1  frexp                         
000051d1  frexpl                        
0000528b  ltoa                          
00005331  atoi                          
0000537d  __aeabi_d2iz                  
000053c5  __TI_auto_init_nobinit_nopinit
00005409  beep                          
0000544d  sprintf                       
000054cd  _c_int00_noargs               
00005505  __aeabi_f2d                   
0000553d  __aeabi_i2d                   
0000556b  __aeabi_ui2d                  
0000558b  memccpy                       
000055bf  strcmp                        
000055d7  strchr                        
000055ed  copysign                      
000055ed  copysignl                     
00005601  strlen                        
00005615  __TI_zero_init_nomemset       
00005627  wcslen                        
00005639  __TI_decompress_none          
00005647  Reset_Handler                 
00005653  ADC14_IRQHandler              
00005653  AES256_IRQHandler             
00005653  BusFault_Handler              
00005653  COMP_E0_IRQHandler            
00005653  COMP_E1_IRQHandler            
00005653  CS_IRQHandler                 
00005653  DMA_ERR_IRQHandler            
00005653  DMA_INT0_IRQHandler           
00005653  DMA_INT1_IRQHandler           
00005653  DMA_INT2_IRQHandler           
00005653  DMA_INT3_IRQHandler           
00005653  DebugMon_Handler              
00005653  Default_Handler               
00005653  EUSCIA1_IRQHandler            
00005653  EUSCIA2_IRQHandler            
00005653  EUSCIA3_IRQHandler            
00005653  EUSCIB0_IRQHandler            
00005653  EUSCIB1_IRQHandler            
00005653  EUSCIB2_IRQHandler            
00005653  EUSCIB3_IRQHandler            
00005653  FLCTL_IRQHandler              
00005653  FPU_IRQHandler                
00005653  HardFault_Handler             
00005653  MemManage_Handler             
00005653  NMI_Handler                   
00005653  PCM_IRQHandler                
00005653  PORT2_IRQHandler              
00005653  PORT3_IRQHandler              
00005653  PORT4_IRQHandler              
00005653  PORT5_IRQHandler              
00005653  PORT6_IRQHandler              
00005653  PSS_IRQHandler                
00005653  PendSV_Handler                
00005653  SVC_Handler                   
00005653  SysTick_Handler               
00005653  T32_INT1_IRQHandler           
00005653  T32_INT2_IRQHandler           
00005653  T32_INTC_IRQHandler           
00005653  TA0_0_IRQHandler              
00005653  TA0_N_IRQHandler              
00005653  TA1_0_IRQHandler              
00005653  TA1_N_IRQHandler              
00005653  TA2_0_IRQHandler              
00005653  TA2_N_IRQHandler              
00005653  TA3_0_IRQHandler              
00005653  TA3_N_IRQHandler              
00005653  UsageFault_Handler            
00005653  WDT_A_IRQHandler              
00005661  __aeabi_errno_addr            
00005669  _system_pre_init              
0000566d  C$$EXIT                       
0000566d  abort                         
00005670  _ctypes_                      
000057e4  __TI_Handler_Table_Base       
000057f0  __TI_Handler_Table_Limit      
000057f8  __TI_CINIT_Base               
00005808  __TI_CINIT_Limit              
20000000  INPUT_BUFFER                  
20000064  terminal                      
200000c8  TempS                         
200000d0  bright                        
200000d4  now                           
200000d7  set                           
200000da  alarm                         
200000dc  snooz                         
200000de  state                         
200000e0  AmPmFlag                      
200000e4  RTCFlag                       
200000e8  degreeFlag                    
200000ec  setTimeFlag                   
200000f0  setAlarmFlag                  
200000f4  alarmFlag                     
200000f8  blinkFlag                     
200000fc  alarmGoFlag                   
20000100  snoozFlag                     
20000104  MinSecFlag                    
20000108  validFlag                     
2000010c  rAvalidFlag                   
20000110  rTvalidFlag                   
20000114  sAvalidFlag                   
20000118  sTvalidFlag                   
2000011c  counter                       
20000120  i                             
20000124  MaxBright                     
20000128  timeDisp                      
20000133  readA                         
2000013d  readT                         
20000146  Blink                         
20000148  errno                         
2000014c  SystemCoreClock               
20000150  Off                           
20000153  On                            
20000156  storage_location              
20000157  read_location                 
2000fe00  __stack                       
20010000  __STACK_END                   
4000480c  WDTCTL_SYM                    
ffffffff  __TI_pprof_out_hndl           
ffffffff  __TI_prof_data_size           
ffffffff  __TI_prof_data_start          
ffffffff  __binit__                     
ffffffff  __c_args__                    
ffffffff  binit                         
UNDEFED   __mpu_init                    
UNDEFED   _system_post_cinit            

[200 symbols]
