******************************************************************************
                  TI ARM Linker PC v18.1.3                     
******************************************************************************
>> Linked Sun Nov 18 13:09:43 2018

OUTPUT FILE NAME:   <Macdonald_French_Main_Project.out>
ENTRY POINT SYMBOL: "_c_int00_noargs"  address: 00002ea5


MEMORY CONFIGURATION

         name            origin    length      used     unused   attr    fill
----------------------  --------  ---------  --------  --------  ----  --------
  MAIN                  00000000   00040000  000030ae  0003cf52  R  X
  INFO                  00200000   00004000  00000000  00004000  R  X
  SRAM_CODE             01000000   00010000  0000023a  0000fdc6  RW X
  SRAM_DATA             20000000   00010000  0000023a  0000fdc6  RW  


SEGMENT ALLOCATION MAP

run origin  load origin   length   init length attrs members
----------  ----------- ---------- ----------- ----- -------
00000000    00000000    000030b0   000030b0    r-x
  00000000    00000000    000000e4   000000e4    r-- .intvecs
  000000e4    000000e4    00002e2e   00002e2e    r-x .text
  00002f12    00002f12    0000015c   0000015c    r-- .const
  00003070    00003070    00000040   00000040    r-- .cinit
20000000    20000000    0000003a   00000000    rw-
  20000000    20000000    00000020   00000000    rw- .data
  20000020    20000020    0000001a   00000000    rw- .bss
2000fe00    2000fe00    00000200   00000000    rw-
  2000fe00    2000fe00    00000200   00000000    rw- .stack


SECTION ALLOCATION MAP

 output                                  attributes/
section   page    origin      length       input sections
--------  ----  ----------  ----------   ----------------
.intvecs   0    00000000    000000e4     
                  00000000    000000e4     startup_msp432p401r_ccs.obj (.intvecs:retain)

.text      0    000000e4    00002e2e     
                  000000e4    00002040     MainProject2018.obj (.text)
                  00002124    00000334     system_msp432p401r.obj (.text)
                  00002458    0000029c     keypad.obj (.text)
                  000026f4    00000294     led.obj (.text)
                  00002988    000001bc     lcd.obj (.text)
                  00002b44    00000138     motor.obj (.text)
                  00002c7c    000000e0     promain.obj (.text)
                  00002d5c    0000009c     rtsv7M4_T_le_v4SPD16_eabi.lib : memcpy_t2.asm.obj (.text)
                  00002df8    00000068                                   : copy_decompress_lzss.c.obj (.text:decompress:lzss:__TI_decompress_lzss)
                  00002e60    00000044                                   : autoinit.c.obj (.text:__TI_auto_init_nobinit_nopinit:__TI_auto_init_nobinit_nopinit)
                  00002ea4    00000038                                   : boot_cortex_m.c.obj (.text:_c_int00_noargs:_c_int00_noargs)
                  00002edc    00000012                                   : copy_zero_init.c.obj (.text:decompress:ZI:__TI_zero_init_nomemset:__TI_zero_init_nomemset)
                  00002eee    0000000e                                   : copy_decompress_none.c.obj (.text:decompress:none:__TI_decompress_none)
                  00002efc    0000000e     startup_msp432p401r_ccs.obj (.text)
                  00002f0a    00000004     rtsv7M4_T_le_v4SPD16_eabi.lib : pre_init.c.obj (.text:_system_pre_init)
                  00002f0e    00000004                                   : exit.c.obj (.text:abort:abort)

.const     0    00002f12    0000015c     
                  00002f12    00000021     MainProject2018.obj (.const:.string:$P$T27$28)
                  00002f33    00000019     MainProject2018.obj (.const:.string:$P$T17$18)
                  00002f4c    00000019     MainProject2018.obj (.const:.string:$P$T23$24)
                  00002f65    00000015     MainProject2018.obj (.const:.string:$P$T19$20)
                  00002f7a    00000012     MainProject2018.obj (.const:.string:$P$T11$12)
                  00002f8c    00000010     MainProject2018.obj (.const:.string:$P$T10$11)
                  00002f9c    00000010     MainProject2018.obj (.const:.string:$P$T18$19)
                  00002fac    00000010     MainProject2018.obj (.const:.string:$P$T4$5)
                  00002fbc    00000010     MainProject2018.obj (.const:.string:$P$T8$9)
                  00002fcc    00000010     MainProject2018.obj (.const:.string:$P$T9$10)
                  00002fdc    0000000d     MainProject2018.obj (.const:.string:$P$T7$8)
                  00002fe9    0000000c     MainProject2018.obj (.const:.string:$P$T13$14)
                  00002ff5    0000000c     MainProject2018.obj (.const:.string:$P$T6$7)
                  00003001    0000000b     MainProject2018.obj (.const:.string:$P$T14$15)
                  0000300c    0000000a     MainProject2018.obj (.const:.string:$P$T0$1)
                  00003016    0000000a     MainProject2018.obj (.const:.string:$P$T15$16)
                  00003020    0000000a     MainProject2018.obj (.const:.string:$P$T25$26)
                  0000302a    00000009     MainProject2018.obj (.const:.string:$P$T24$25)
                  00003033    00000009     MainProject2018.obj (.const:.string:$P$T26$27)
                  0000303c    00000009     MainProject2018.obj (.const:.string:$P$T3$4)
                  00003045    00000008     MainProject2018.obj (.const:.string:$P$T2$3)
                  0000304d    00000007     MainProject2018.obj (.const:.string:$P$T1$2)
                  00003054    00000005     MainProject2018.obj (.const:.string:$P$T12$13)
                  00003059    00000005     MainProject2018.obj (.const:.string:$P$T16$17)
                  0000305e    00000005     MainProject2018.obj (.const:.string:$P$T20$21)
                  00003063    00000004     MainProject2018.obj (.const:.string:$P$T21$22)
                  00003067    00000004     MainProject2018.obj (.const:.string:$P$T5$6)
                  0000306b    00000003     MainProject2018.obj (.const:.string:$P$T22$23)

.cinit     0    00003070    00000040     
                  00003070    00000017     (.cinit..data.load) [load image, compression = lzss]
                  00003087    00000001     --HOLE-- [fill = 0]
                  00003088    0000000c     (__TI_handler_table)
                  00003094    00000004     --HOLE-- [fill = 0]
                  00003098    00000008     (.cinit..bss.load) [load image, compression = zero_init]
                  000030a0    00000010     (__TI_cinit_table)

.init_array 
*          0    00000000    00000000     UNINITIALIZED

.binit     0    00000000    00000000     

.data      0    20000000    00000020     UNINITIALIZED
                  20000000    0000001c     MainProject2018.obj (.data)
                  2000001c    00000004     system_msp432p401r.obj (.data)

.bss       0    20000020    0000001a     UNINITIALIZED
                  20000020    00000004     (.common:a)
                  20000024    00000004     (.common:i)
                  20000028    00000004     (.common:key)
                  2000002c    00000004     (.common:open_close)
                  20000030    00000004     (.common:p)
                  20000034    00000004     (.common:sleep)
                  20000038    00000001     (.common:new)
                  20000039    00000001     (.common:state)

.stack     0    2000fe00    00000200     UNINITIALIZED
                  2000fe00    00000004     rtsv7M4_T_le_v4SPD16_eabi.lib : boot_cortex_m.c.obj (.stack)
                  2000fe04    000001fc     --HOLE--

MODULE SUMMARY

       Module                        code    ro data   rw data
       ------                        ----    -------   -------
    .\
       MainProject2018.obj           8256    348       108    
       system_msp432p401r.obj        820     0         8      
       keypad.obj                    668     0         0      
       led.obj                       660     0         0      
       lcd.obj                       444     0         0      
       motor.obj                     312     0         0      
       startup_msp432p401r_ccs.obj   14      228       0      
       promain.obj                   224     0         0      
    +--+-----------------------------+-------+---------+---------+
       Total:                        11398   576       116    
                                                              
    C:\ti\ccsv8\tools\compiler\ti-cgt-arm_18.1.3.LTS\lib\rtsv7M4_T_le_v4SPD16_eabi.lib
       memcpy_t2.asm.obj             156     0         0      
       copy_decompress_lzss.c.obj    104     0         0      
       autoinit.c.obj                68      0         0      
       boot_cortex_m.c.obj           56      0         0      
       copy_zero_init.c.obj          18      0         0      
       copy_decompress_none.c.obj    14      0         0      
       exit.c.obj                    4       0         0      
       pre_init.c.obj                4       0         0      
    +--+-----------------------------+-------+---------+---------+
       Total:                        424     0         0      
                                                              
       Stack:                        0       0         1024   
       Linker Generated:             0       59        0      
    +--+-----------------------------+-------+---------+---------+
       Grand Total:                  11822   635       1140   


LINKER GENERATED COPY TABLES

__TI_cinit_table @ 000030a0 records: 2, size/record: 8, table size: 16
	.data: load addr=00003070, load size=00000017 bytes, run addr=20000000, run size=00000020 bytes, compression=lzss
	.bss: load addr=00003098, load size=00000008 bytes, run addr=20000020, run size=0000001a bytes, compression=zero_init


LINKER GENERATED HANDLER TABLE

__TI_handler_table @ 00003088 records: 3, size/record: 4, table size: 12
	index: 0, handler: __TI_decompress_lzss
	index: 1, handler: __TI_decompress_none
	index: 2, handler: __TI_zero_init


GLOBAL SYMBOLS: SORTED ALPHABETICALLY BY Name 

address   name                          
-------   ----                          
00002f09  ADC14_IRQHandler              
00002f09  AES256_IRQHandler             
00002f09  BusFault_Handler              
00002f0f  C$$EXIT                       
00002f09  COMP_E0_IRQHandler            
00002f09  COMP_E1_IRQHandler            
00002f09  CS_IRQHandler                 
00002f09  DMA_ERR_IRQHandler            
00002f09  DMA_INT0_IRQHandler           
00002f09  DMA_INT1_IRQHandler           
00002f09  DMA_INT2_IRQHandler           
00002f09  DMA_INT3_IRQHandler           
00002f09  DebugMon_Handler              
00002f09  Default_Handler               
00002f09  EUSCIA0_IRQHandler            
00002f09  EUSCIA1_IRQHandler            
00002f09  EUSCIA2_IRQHandler            
00002f09  EUSCIA3_IRQHandler            
00002f09  EUSCIB0_IRQHandler            
00002f09  EUSCIB1_IRQHandler            
00002f09  EUSCIB2_IRQHandler            
00002f09  EUSCIB3_IRQHandler            
00002f09  FLCTL_IRQHandler              
00002f09  FPU_IRQHandler                
00002f09  HardFault_Handler             
00002459  KeyInit                       
00002f09  MemManage_Handler             
00002f09  NMI_Handler                   
00002f09  PCM_IRQHandler                
00002079  PORT1_IRQHandler              
00002079  PORT1_IRQHandler              
00002f09  PORT2_IRQHandler              
00002f09  PORT3_IRQHandler              
00002f09  PORT4_IRQHandler              
00002f09  PORT5_IRQHandler              
00002f09  PORT6_IRQHandler              
00002f09  PSS_IRQHandler                
00002f09  PendSV_Handler                
000029f3  PulsEnablePin                 
00002f09  RTC_C_IRQHandler              
00002efd  Reset_Handler                 
00002f09  SVC_Handler                   
00002c7d  StsTick_Init                  
00002f09  SysTick_Handler               
2000001c  SystemCoreClock               
00002125  SystemCoreClockUpdate         
0000239d  SystemInit                    
00002f09  T32_INT1_IRQHandler           
00002f09  T32_INT2_IRQHandler           
00002f09  T32_INTC_IRQHandler           
00002f09  TA0_0_IRQHandler              
00002f09  TA0_N_IRQHandler              
00002f09  TA1_0_IRQHandler              
00002f09  TA1_N_IRQHandler              
00002f09  TA2_0_IRQHandler              
00002f09  TA2_N_IRQHandler              
00002f09  TA3_0_IRQHandler              
00002f09  TA3_N_IRQHandler              
00002f09  UsageFault_Handler            
4000480c  WDTCTL_SYM                    
00002f09  WDT_A_IRQHandler              
20010000  __STACK_END                   
00000200  __STACK_SIZE                  
000030a0  __TI_CINIT_Base               
000030b0  __TI_CINIT_Limit              
00003088  __TI_Handler_Table_Base       
00003094  __TI_Handler_Table_Limit      
00002e61  __TI_auto_init_nobinit_nopinit
00002df9  __TI_decompress_lzss          
00002eef  __TI_decompress_none          
ffffffff  __TI_pprof_out_hndl           
ffffffff  __TI_prof_data_size           
ffffffff  __TI_prof_data_start          
00000000  __TI_static_base__            
00002edd  __TI_zero_init_nomemset       
00002d5d  __aeabi_memcpy                
00002d5d  __aeabi_memcpy4               
00002d5d  __aeabi_memcpy8               
ffffffff  __binit__                     
ffffffff  __c_args__                    
UNDEFED   __mpu_init                    
2000fe00  __stack                       
00002ea5  _c_int00_noargs               
UNDEFED   _system_post_cinit            
00002f0b  _system_pre_init              
20000020  a                             
00002f0f  abort                         
ffffffff  binit                         
20000010  blueBright                    
00002039  butPres                       
00002a87  comWrit                       
00001e5d  convertINTblue                
00001f45  convertINTgreen               
00001c91  convertINTmoto                
00001d79  convertINTred                 
00002aa1  dataWrit                      
00002ce5  delay_micro                   
00002d09  delay_ms                      
20000008  emerg                         
00001c4d  getKey                        
20000014  greenBright                   
20000024  i                             
00002881  initBluePWM                   
00002823  initGreenPWM                  
00002989  initLCD                       
00002abb  initLCDPins                   
000026f5  initLEDpins                   
00002b45  initMOTOpins                  
00002bc9  initMotoPWM                   
000028df  initRedPWM                    
000027f3  initTimerALED                 
00002b83  initTimerAmoto                
00000000  interruptVectors              
20000028  key                           
20000000  keyS                          
20000004  lightOnOff                    
000000e5  main                          
00002d5d  memcpy                        
20000018  motoSpd                       
20000038  new                           
00001b91  numTOstring                   
000028bf  offBluePWM                    
00002861  offGreenPWM                   
0000291d  offRedPWM                     
00002c1d  offServoPWM                   
00002bfd  onServoPWM                    
2000002c  open_close                    
20000030  p                             
00002a4f  pushByt                       
00002a27  pushNib                       
0000252d  readKey                       
000025ed  readRow                       
2000000c  redBright                     
00002bbf  releTimer                     
00001c61  resetKey                      
000028ab  setBluePWM                    
0000284d  setGreenPWM                   
00002be9  setMotoPWM                    
00002909  setRedPWM                     
00002c3d  setServoClosePWM              
00002c33  setServoOpenPWM               
20000034  sleep                         
20000039  state                         


GLOBAL SYMBOLS: SORTED BY Symbol Address 

address   name                          
-------   ----                          
00000000  __TI_static_base__            
00000000  interruptVectors              
000000e5  main                          
00000200  __STACK_SIZE                  
00001b91  numTOstring                   
00001c4d  getKey                        
00001c61  resetKey                      
00001c91  convertINTmoto                
00001d79  convertINTred                 
00001e5d  convertINTblue                
00001f45  convertINTgreen               
00002039  butPres                       
00002079  PORT1_IRQHandler              
00002079  PORT1_IRQHandler              
00002125  SystemCoreClockUpdate         
0000239d  SystemInit                    
00002459  KeyInit                       
0000252d  readKey                       
000025ed  readRow                       
000026f5  initLEDpins                   
000027f3  initTimerALED                 
00002823  initGreenPWM                  
0000284d  setGreenPWM                   
00002861  offGreenPWM                   
00002881  initBluePWM                   
000028ab  setBluePWM                    
000028bf  offBluePWM                    
000028df  initRedPWM                    
00002909  setRedPWM                     
0000291d  offRedPWM                     
00002989  initLCD                       
000029f3  PulsEnablePin                 
00002a27  pushNib                       
00002a4f  pushByt                       
00002a87  comWrit                       
00002aa1  dataWrit                      
00002abb  initLCDPins                   
00002b45  initMOTOpins                  
00002b83  initTimerAmoto                
00002bbf  releTimer                     
00002bc9  initMotoPWM                   
00002be9  setMotoPWM                    
00002bfd  onServoPWM                    
00002c1d  offServoPWM                   
00002c33  setServoOpenPWM               
00002c3d  setServoClosePWM              
00002c7d  StsTick_Init                  
00002ce5  delay_micro                   
00002d09  delay_ms                      
00002d5d  __aeabi_memcpy                
00002d5d  __aeabi_memcpy4               
00002d5d  __aeabi_memcpy8               
00002d5d  memcpy                        
00002df9  __TI_decompress_lzss          
00002e61  __TI_auto_init_nobinit_nopinit
00002ea5  _c_int00_noargs               
00002edd  __TI_zero_init_nomemset       
00002eef  __TI_decompress_none          
00002efd  Reset_Handler                 
00002f09  ADC14_IRQHandler              
00002f09  AES256_IRQHandler             
00002f09  BusFault_Handler              
00002f09  COMP_E0_IRQHandler            
00002f09  COMP_E1_IRQHandler            
00002f09  CS_IRQHandler                 
00002f09  DMA_ERR_IRQHandler            
00002f09  DMA_INT0_IRQHandler           
00002f09  DMA_INT1_IRQHandler           
00002f09  DMA_INT2_IRQHandler           
00002f09  DMA_INT3_IRQHandler           
00002f09  DebugMon_Handler              
00002f09  Default_Handler               
00002f09  EUSCIA0_IRQHandler            
00002f09  EUSCIA1_IRQHandler            
00002f09  EUSCIA2_IRQHandler            
00002f09  EUSCIA3_IRQHandler            
00002f09  EUSCIB0_IRQHandler            
00002f09  EUSCIB1_IRQHandler            
00002f09  EUSCIB2_IRQHandler            
00002f09  EUSCIB3_IRQHandler            
00002f09  FLCTL_IRQHandler              
00002f09  FPU_IRQHandler                
00002f09  HardFault_Handler             
00002f09  MemManage_Handler             
00002f09  NMI_Handler                   
00002f09  PCM_IRQHandler                
00002f09  PORT2_IRQHandler              
00002f09  PORT3_IRQHandler              
00002f09  PORT4_IRQHandler              
00002f09  PORT5_IRQHandler              
00002f09  PORT6_IRQHandler              
00002f09  PSS_IRQHandler                
00002f09  PendSV_Handler                
00002f09  RTC_C_IRQHandler              
00002f09  SVC_Handler                   
00002f09  SysTick_Handler               
00002f09  T32_INT1_IRQHandler           
00002f09  T32_INT2_IRQHandler           
00002f09  T32_INTC_IRQHandler           
00002f09  TA0_0_IRQHandler              
00002f09  TA0_N_IRQHandler              
00002f09  TA1_0_IRQHandler              
00002f09  TA1_N_IRQHandler              
00002f09  TA2_0_IRQHandler              
00002f09  TA2_N_IRQHandler              
00002f09  TA3_0_IRQHandler              
00002f09  TA3_N_IRQHandler              
00002f09  UsageFault_Handler            
00002f09  WDT_A_IRQHandler              
00002f0b  _system_pre_init              
00002f0f  C$$EXIT                       
00002f0f  abort                         
00003088  __TI_Handler_Table_Base       
00003094  __TI_Handler_Table_Limit      
000030a0  __TI_CINIT_Base               
000030b0  __TI_CINIT_Limit              
20000000  keyS                          
20000004  lightOnOff                    
20000008  emerg                         
2000000c  redBright                     
20000010  blueBright                    
20000014  greenBright                   
20000018  motoSpd                       
2000001c  SystemCoreClock               
20000020  a                             
20000024  i                             
20000028  key                           
2000002c  open_close                    
20000030  p                             
20000034  sleep                         
20000038  new                           
20000039  state                         
2000fe00  __stack                       
20010000  __STACK_END                   
4000480c  WDTCTL_SYM                    
ffffffff  __TI_pprof_out_hndl           
ffffffff  __TI_prof_data_size           
ffffffff  __TI_prof_data_start          
ffffffff  __binit__                     
ffffffff  __c_args__                    
ffffffff  binit                         
UNDEFED   __mpu_init                    
UNDEFED   _system_post_cinit            

[143 symbols]
