******************************************************************************
                  TI ARM Linker PC v18.1.3                     
******************************************************************************
>> Linked Sat Nov 17 20:10:52 2018

OUTPUT FILE NAME:   <FinalProjectF_2018.out>
ENTRY POINT SYMBOL: "_c_int00_noargs"  address: 00000b81


MEMORY CONFIGURATION

         name            origin    length      used     unused   attr    fill
----------------------  --------  ---------  --------  --------  ----  --------
  MAIN                  00000000   00040000  00000c26  0003f3da  R  X
  INFO                  00200000   00004000  00000000  00004000  R  X
  SRAM_CODE             01000000   00010000  0000027e  0000fd82  RW X
  SRAM_DATA             20000000   00010000  0000027e  0000fd82  RW  


SEGMENT ALLOCATION MAP

run origin  load origin   length   init length attrs members
----------  ----------- ---------- ----------- ----- -------
00000000    00000000    00000c28   00000c28    r-x
  00000000    00000000    000000e4   000000e4    r-- .intvecs
  000000e4    000000e4    00000b0a   00000b0a    r-x .text
  00000bf0    00000bf0    00000038   00000038    r-- .cinit
20000000    20000000    0000007e   00000000    rw-
  20000000    20000000    00000070   00000000    rw- .bss
  20000070    20000070    0000000e   00000000    rw- .data
2000fe00    2000fe00    00000200   00000000    rw-
  2000fe00    2000fe00    00000200   00000000    rw- .stack


SECTION ALLOCATION MAP

 output                                  attributes/
section   page    origin      length       input sections
--------  ----  ----------  ----------   ----------------
.intvecs   0    00000000    000000e4     
                  00000000    000000e4     startup_msp432p401r_ccs.obj (.intvecs:retain)

.text      0    000000e4    00000b0a     
                  000000e4    00000334     system_msp432p401r.obj (.text)
                  00000418    0000021c     Serial.obj (.text)
                  00000634    0000016c     Project_Main.obj (.text)
                  000007a0    00000138     lcd.obj (.text)
                  000008d8    000000fc     promain.obj (.text)
                  000009d4    0000009c     rtsv7M4_T_le_v4SPD16_eabi.lib : memcpy_t2.asm.obj (.text)
                  00000a70    00000068                                   : copy_decompress_lzss.c.obj (.text:decompress:lzss:__TI_decompress_lzss)
                  00000ad8    00000064     temp.obj (.text)
                  00000b3c    00000044     rtsv7M4_T_le_v4SPD16_eabi.lib : autoinit.c.obj (.text:__TI_auto_init_nobinit_nopinit:__TI_auto_init_nobinit_nopinit)
                  00000b80    00000038                                   : boot_cortex_m.c.obj (.text:_c_int00_noargs:_c_int00_noargs)
                  00000bb8    00000012                                   : copy_zero_init.c.obj (.text:decompress:ZI:__TI_zero_init_nomemset:__TI_zero_init_nomemset)
                  00000bca    0000000e                                   : copy_decompress_none.c.obj (.text:decompress:none:__TI_decompress_none)
                  00000bd8    0000000e     startup_msp432p401r_ccs.obj (.text)
                  00000be6    00000004     rtsv7M4_T_le_v4SPD16_eabi.lib : pre_init.c.obj (.text:_system_pre_init)
                  00000bea    00000004                                   : exit.c.obj (.text:abort:abort)

.cinit     0    00000bf0    00000038     
                  00000bf0    00000011     (.cinit..data.load) [load image, compression = lzss]
                  00000c01    00000003     --HOLE-- [fill = 0]
                  00000c04    0000000c     (__TI_handler_table)
                  00000c10    00000008     (.cinit..bss.load) [load image, compression = zero_init]
                  00000c18    00000010     (__TI_cinit_table)

.init_array 
*          0    00000000    00000000     UNINITIALIZED

.binit     0    00000000    00000000     

.bss       0    20000000    00000070     UNINITIALIZED
                  20000000    00000064     (.common:INPUT_BUFFER)
                  20000064    00000004     (.common:hour)
                  20000068    00000004     (.common:min)
                  2000006c    00000004     (.common:sec)

.data      0    20000070    0000000e     UNINITIALIZED
                  20000070    00000008     Project_Main.obj (.data)
                  20000078    00000004     system_msp432p401r.obj (.data)
                  2000007c    00000002     Serial.obj (.data)

.stack     0    2000fe00    00000200     UNINITIALIZED
                  2000fe00    00000004     rtsv7M4_T_le_v4SPD16_eabi.lib : boot_cortex_m.c.obj (.stack)
                  2000fe04    000001fc     --HOLE--

MODULE SUMMARY

       Module                        code   ro data   rw data
       ------                        ----   -------   -------
    .\
       system_msp432p401r.obj        820    0         8      
       Project_Main.obj              364    0         240    
       Serial.obj                    540    0         4      
       lcd.obj                       312    0         0      
       promain.obj                   252    0         0      
       startup_msp432p401r_ccs.obj   14     228       0      
       temp.obj                      100    0         0      
    +--+-----------------------------+------+---------+---------+
       Total:                        2402   228       252    
                                                             
    C:\ti\ccs810\ccsv8\tools\compiler\ti-cgt-arm_18.1.3.LTS\lib\rtsv7M4_T_le_v4SPD16_eabi.lib
       memcpy_t2.asm.obj             156    0         0      
       copy_decompress_lzss.c.obj    104    0         0      
       autoinit.c.obj                68     0         0      
       boot_cortex_m.c.obj           56     0         0      
       copy_zero_init.c.obj          18     0         0      
       copy_decompress_none.c.obj    14     0         0      
       exit.c.obj                    4      0         0      
       pre_init.c.obj                4      0         0      
    +--+-----------------------------+------+---------+---------+
       Total:                        424    0         0      
                                                             
       Stack:                        0      0         1024   
       Linker Generated:             0      53        0      
    +--+-----------------------------+------+---------+---------+
       Grand Total:                  2826   281       1276   


LINKER GENERATED COPY TABLES

__TI_cinit_table @ 00000c18 records: 2, size/record: 8, table size: 16
	.data: load addr=00000bf0, load size=00000011 bytes, run addr=20000070, run size=0000000e bytes, compression=lzss
	.bss: load addr=00000c10, load size=00000008 bytes, run addr=20000000, run size=00000070 bytes, compression=zero_init


LINKER GENERATED HANDLER TABLE

__TI_handler_table @ 00000c04 records: 3, size/record: 4, table size: 12
	index: 0, handler: __TI_decompress_lzss
	index: 1, handler: __TI_decompress_none
	index: 2, handler: __TI_zero_init


GLOBAL SYMBOLS: SORTED ALPHABETICALLY BY Name 

address   name                          
-------   ----                          
00000be5  ADC14_IRQHandler              
00000ad9  ADC14init                     
00000be5  AES256_IRQHandler             
00000be5  BusFault_Handler              
00000beb  C$$EXIT                       
00000be5  COMP_E0_IRQHandler            
00000be5  COMP_E1_IRQHandler            
00000be5  CS_IRQHandler                 
00000be5  DMA_ERR_IRQHandler            
00000be5  DMA_INT0_IRQHandler           
00000be5  DMA_INT1_IRQHandler           
00000be5  DMA_INT2_IRQHandler           
00000be5  DMA_INT3_IRQHandler           
00000be5  DebugMon_Handler              
00000be5  Default_Handler               
000004e7  EUSCIA0_IRQHandler            
000004e7  EUSCIA0_IRQHandler            
00000be5  EUSCIA1_IRQHandler            
00000be5  EUSCIA2_IRQHandler            
00000be5  EUSCIA3_IRQHandler            
00000be5  EUSCIB0_IRQHandler            
00000be5  EUSCIB1_IRQHandler            
00000be5  EUSCIB2_IRQHandler            
00000be5  EUSCIB3_IRQHandler            
00000be5  FLCTL_IRQHandler              
00000be5  FPU_IRQHandler                
00000be5  HardFault_Handler             
20000000  INPUT_BUFFER                  
00000be5  MemManage_Handler             
00000be5  NMI_Handler                   
00000be5  PCM_IRQHandler                
00000be5  PORT1_IRQHandler              
00000be5  PORT2_IRQHandler              
00000be5  PORT3_IRQHandler              
00000be5  PORT4_IRQHandler              
00000be5  PORT5_IRQHandler              
00000be5  PORT6_IRQHandler              
00000be5  PSS_IRQHandler                
00000be5  PendSV_Handler                
0000080b  PulsEnablePin                 
00000be5  RTC_C_IRQHandler              
00000bd9  Reset_Handler                 
00000be5  SVC_Handler                   
00000be5  SysTick_Handler               
00000953  SysTick_Init                  
20000078  SystemCoreClock               
000000e5  SystemCoreClockUpdate         
0000035d  SystemInit                    
00000be5  T32_INT1_IRQHandler           
00000697  T32_INT2_IRQHandler           
00000697  T32_INT2_IRQHandler           
00000be5  T32_INTC_IRQHandler           
00000be5  TA0_0_IRQHandler              
00000be5  TA0_N_IRQHandler              
00000be5  TA1_0_IRQHandler              
00000be5  TA1_N_IRQHandler              
00000be5  TA2_0_IRQHandler              
00000be5  TA2_N_IRQHandler              
00000be5  TA3_0_IRQHandler              
00000be5  TA3_N_IRQHandler              
20000070  Time                          
00000be5  UsageFault_Handler            
20000074  V_REF                         
4000480c  WDTCTL_SYM                    
00000be5  WDT_A_IRQHandler              
20010000  __STACK_END                   
00000200  __STACK_SIZE                  
00000c18  __TI_CINIT_Base               
00000c28  __TI_CINIT_Limit              
00000c04  __TI_Handler_Table_Base       
00000c10  __TI_Handler_Table_Limit      
00000b3d  __TI_auto_init_nobinit_nopinit
00000a71  __TI_decompress_lzss          
00000bcb  __TI_decompress_none          
ffffffff  __TI_pprof_out_hndl           
ffffffff  __TI_prof_data_size           
ffffffff  __TI_prof_data_start          
00000000  __TI_static_base__            
00000bb9  __TI_zero_init_nomemset       
000009d5  __aeabi_memcpy                
000009d5  __aeabi_memcpy4               
000009d5  __aeabi_memcpy8               
ffffffff  __binit__                     
ffffffff  __c_args__                    
UNDEFED   __mpu_init                    
2000fe00  __stack                       
00000b81  _c_int00_noargs               
UNDEFED   _system_post_cinit            
00000be7  _system_pre_init              
00000beb  abort                         
ffffffff  binit                         
0000089f  comWrit                       
000006ad  convert_Time                  
000008b9  dataWrit                      
0000096f  delay_micro                   
00000993  delay_ms                      
20000064  hour                          
000007a1  initLCD                       
000008d9  initPins                      
00000000  interruptVectors              
00000661  main                          
000009d5  memcpy                        
20000068  min                           
00000867  pushByt                       
0000083f  pushNib                       
00000477  readInput                     
2000007d  read_location                 
2000006c  sec                           
0000051d  setupP2                       
00000573  setupSerial                   
2000007c  storage_location              
00000445  writeOutput                   


GLOBAL SYMBOLS: SORTED BY Symbol Address 

address   name                          
-------   ----                          
00000000  __TI_static_base__            
00000000  interruptVectors              
000000e5  SystemCoreClockUpdate         
00000200  __STACK_SIZE                  
0000035d  SystemInit                    
00000445  writeOutput                   
00000477  readInput                     
000004e7  EUSCIA0_IRQHandler            
000004e7  EUSCIA0_IRQHandler            
0000051d  setupP2                       
00000573  setupSerial                   
00000661  main                          
00000697  T32_INT2_IRQHandler           
00000697  T32_INT2_IRQHandler           
000006ad  convert_Time                  
000007a1  initLCD                       
0000080b  PulsEnablePin                 
0000083f  pushNib                       
00000867  pushByt                       
0000089f  comWrit                       
000008b9  dataWrit                      
000008d9  initPins                      
00000953  SysTick_Init                  
0000096f  delay_micro                   
00000993  delay_ms                      
000009d5  __aeabi_memcpy                
000009d5  __aeabi_memcpy4               
000009d5  __aeabi_memcpy8               
000009d5  memcpy                        
00000a71  __TI_decompress_lzss          
00000ad9  ADC14init                     
00000b3d  __TI_auto_init_nobinit_nopinit
00000b81  _c_int00_noargs               
00000bb9  __TI_zero_init_nomemset       
00000bcb  __TI_decompress_none          
00000bd9  Reset_Handler                 
00000be5  ADC14_IRQHandler              
00000be5  AES256_IRQHandler             
00000be5  BusFault_Handler              
00000be5  COMP_E0_IRQHandler            
00000be5  COMP_E1_IRQHandler            
00000be5  CS_IRQHandler                 
00000be5  DMA_ERR_IRQHandler            
00000be5  DMA_INT0_IRQHandler           
00000be5  DMA_INT1_IRQHandler           
00000be5  DMA_INT2_IRQHandler           
00000be5  DMA_INT3_IRQHandler           
00000be5  DebugMon_Handler              
00000be5  Default_Handler               
00000be5  EUSCIA1_IRQHandler            
00000be5  EUSCIA2_IRQHandler            
00000be5  EUSCIA3_IRQHandler            
00000be5  EUSCIB0_IRQHandler            
00000be5  EUSCIB1_IRQHandler            
00000be5  EUSCIB2_IRQHandler            
00000be5  EUSCIB3_IRQHandler            
00000be5  FLCTL_IRQHandler              
00000be5  FPU_IRQHandler                
00000be5  HardFault_Handler             
00000be5  MemManage_Handler             
00000be5  NMI_Handler                   
00000be5  PCM_IRQHandler                
00000be5  PORT1_IRQHandler              
00000be5  PORT2_IRQHandler              
00000be5  PORT3_IRQHandler              
00000be5  PORT4_IRQHandler              
00000be5  PORT5_IRQHandler              
00000be5  PORT6_IRQHandler              
00000be5  PSS_IRQHandler                
00000be5  PendSV_Handler                
00000be5  RTC_C_IRQHandler              
00000be5  SVC_Handler                   
00000be5  SysTick_Handler               
00000be5  T32_INT1_IRQHandler           
00000be5  T32_INTC_IRQHandler           
00000be5  TA0_0_IRQHandler              
00000be5  TA0_N_IRQHandler              
00000be5  TA1_0_IRQHandler              
00000be5  TA1_N_IRQHandler              
00000be5  TA2_0_IRQHandler              
00000be5  TA2_N_IRQHandler              
00000be5  TA3_0_IRQHandler              
00000be5  TA3_N_IRQHandler              
00000be5  UsageFault_Handler            
00000be5  WDT_A_IRQHandler              
00000be7  _system_pre_init              
00000beb  C$$EXIT                       
00000beb  abort                         
00000c04  __TI_Handler_Table_Base       
00000c10  __TI_Handler_Table_Limit      
00000c18  __TI_CINIT_Base               
00000c28  __TI_CINIT_Limit              
20000000  INPUT_BUFFER                  
20000064  hour                          
20000068  min                           
2000006c  sec                           
20000070  Time                          
20000074  V_REF                         
20000078  SystemCoreClock               
2000007c  storage_location              
2000007d  read_location                 
2000fe00  __stack                       
20010000  __STACK_END                   
4000480c  WDTCTL_SYM                    
ffffffff  __TI_pprof_out_hndl           
ffffffff  __TI_prof_data_size           
ffffffff  __TI_prof_data_start          
ffffffff  __binit__                     
ffffffff  __c_args__                    
ffffffff  binit                         
UNDEFED   __mpu_init                    
UNDEFED   _system_post_cinit            

[112 symbols]
