******************************************************************************
                  TI ARM Linker PC v18.1.3                     
******************************************************************************
>> Linked Sun Nov 18 09:22:49 2018

OUTPUT FILE NAME:   <FinalProjectF_2018.out>
ENTRY POINT SYMBOL: "_c_int00_noargs"  address: 00001ea9


MEMORY CONFIGURATION

         name            origin    length      used     unused   attr    fill
----------------------  --------  ---------  --------  --------  ----  --------
  MAIN                  00000000   00040000  00002018  0003dfe8  R  X
  INFO                  00200000   00004000  00000000  00004000  R  X
  SRAM_CODE             01000000   00010000  0000028a  0000fd76  RW X
  SRAM_DATA             20000000   00010000  0000028a  0000fd76  RW  


SEGMENT ALLOCATION MAP

run origin  load origin   length   init length attrs members
----------  ----------- ---------- ----------- ----- -------
00000000    00000000    00002018   00002018    r-x
  00000000    00000000    000000e4   000000e4    r-- .intvecs
  000000e4    000000e4    00001ed4   00001ed4    r-x .text
  00001fb8    00001fb8    00000030   00000030    r-- .const
  00001fe8    00001fe8    00000030   00000030    r-- .cinit
20000000    20000000    0000008a   00000000    rw-
  20000000    20000000    00000078   00000000    rw- .bss
  20000078    20000078    00000012   00000000    rw- .data
2000fe00    2000fe00    00000200   00000000    rw-
  2000fe00    2000fe00    00000200   00000000    rw- .stack


SECTION ALLOCATION MAP

 output                                  attributes/
section   page    origin      length       input sections
--------  ----  ----------  ----------   ----------------
.intvecs   0    00000000    000000e4     
                  00000000    000000e4     startup_msp432p401r_ccs.obj (.intvecs:retain)

.text      0    000000e4    00001ed4     
                  000000e4    000009c0     rtsv7M4_T_le_v4SPD16_eabi.lib : e_pow.c.obj (.text:pow)
                  00000aa4    00000334     system_msp432p401r.obj (.text)
                  00000dd8    00000230     Project_Main.obj (.text)
                  00001008    0000021c     Serial.obj (.text)
                  00001224    000001b6     rtsv7M4_T_le_v4SPD16_eabi.lib : fd_add_t2.asm.obj (.text)
                  000013da    00000002     --HOLE-- [fill = 0]
                  000013dc    00000158                                   : e_sqrt.c.obj (.text:sqrt)
                  00001534    00000138     lcd.obj (.text)
                  0000166c    00000138     temp.obj (.text)
                  000017a4    00000136     rtsv7M4_T_le_v4SPD16_eabi.lib : fd_div_t2.asm.obj (.text)
                  000018da    00000002     --HOLE-- [fill = 0]
                  000018dc    00000110                                   : s_scalbn.c.obj (.text:scalbn)
                  000019ec    000000fc     promain.obj (.text)
                  00001ae8    000000fc     rtsv7M4_T_le_v4SPD16_eabi.lib : fd_mul_t2.asm.obj (.text)
                  00001be4    0000009c                                   : memcpy_t2.asm.obj (.text)
                  00001c80    00000086                                   : fd_cmp_t2.asm.obj (.text:__aeabi_cdcmple)
                  00001d06    00000086                                   : fd_cmp_t2.asm.obj (.text:__aeabi_cdrcmple)
                  00001d8c    0000006e                                   : fd_tos_t2.asm.obj (.text)
                  00001dfa    00000068                                   : copy_decompress_lzss.c.obj (.text:decompress:lzss:__TI_decompress_lzss)
                  00001e62    00000002     --HOLE-- [fill = 0]
                  00001e64    00000044                                   : autoinit.c.obj (.text:__TI_auto_init_nobinit_nopinit:__TI_auto_init_nobinit_nopinit)
                  00001ea8    00000038                                   : boot_cortex_m.c.obj (.text:_c_int00_noargs:_c_int00_noargs)
                  00001ee0    00000038                                   : fs_tod_t2.asm.obj (.text)
                  00001f18    0000002e                                   : i_tofd_t2.asm.obj (.text)
                  00001f46    00000020                                   : u_tofd_t2.asm.obj (.text)
                  00001f66    00000014                                   : s_copysign.c.obj (.text:copysign)
                  00001f7a    00000012                                   : copy_zero_init.c.obj (.text:decompress:ZI:__TI_zero_init_nomemset:__TI_zero_init_nomemset)
                  00001f8c    0000000e                                   : copy_decompress_none.c.obj (.text:decompress:none:__TI_decompress_none)
                  00001f9a    0000000e     startup_msp432p401r_ccs.obj (.text)
                  00001fa8    00000008     rtsv7M4_T_le_v4SPD16_eabi.lib : errno.c.obj (.text:__aeabi_errno_addr)
                  00001fb0    00000004                                   : pre_init.c.obj (.text:_system_pre_init)
                  00001fb4    00000004                                   : exit.c.obj (.text:abort:abort)

.const     0    00001fb8    00000030     
                  00001fb8    00000030     rtsv7M4_T_le_v4SPD16_eabi.lib : e_pow.c.obj (.const:$O1$$)

.cinit     0    00001fe8    00000030     
                  00001fe8    0000000c     (.cinit..data.load) [load image, compression = lzss]
                  00001ff4    0000000c     (__TI_handler_table)
                  00002000    00000008     (.cinit..bss.load) [load image, compression = zero_init]
                  00002008    00000010     (__TI_cinit_table)

.init_array 
*          0    00000000    00000000     UNINITIALIZED

.binit     0    00000000    00000000     

.bss       0    20000000    00000078     UNINITIALIZED
                  20000000    00000064     (.common:INPUT_BUFFER)
                  20000064    00000008     (.common:TempS)
                  2000006c    00000004     (.common:hour)
                  20000070    00000004     (.common:min)
                  20000074    00000004     (.common:sec)

.data      0    20000078    00000012     UNINITIALIZED
                  20000078    00000008     Project_Main.obj (.data)
                  20000080    00000004     rtsv7M4_T_le_v4SPD16_eabi.lib : errno.c.obj (.data)
                  20000084    00000004     system_msp432p401r.obj (.data)
                  20000088    00000002     Serial.obj (.data)

.stack     0    2000fe00    00000200     UNINITIALIZED
                  2000fe00    00000004     rtsv7M4_T_le_v4SPD16_eabi.lib : boot_cortex_m.c.obj (.stack)
                  2000fe04    000001fc     --HOLE--

MODULE SUMMARY

       Module                        code   ro data   rw data
       ------                        ----   -------   -------
    .\
       system_msp432p401r.obj        820    0         8      
       Project_Main.obj              560    0         256    
       Serial.obj                    540    0         4      
       lcd.obj                       312    0         0      
       temp.obj                      312    0         0      
       promain.obj                   252    0         0      
       startup_msp432p401r_ccs.obj   14     228       0      
    +--+-----------------------------+------+---------+---------+
       Total:                        2810   228       268    
                                                             
    C:\ti\ccs810\ccsv8\tools\compiler\ti-cgt-arm_18.1.3.LTS\lib\rtsv7M4_T_le_v4SPD16_eabi.lib
       e_pow.c.obj                   2496   48        0      
       fd_add_t2.asm.obj             438    0         0      
       e_sqrt.c.obj                  344    0         0      
       fd_div_t2.asm.obj             310    0         0      
       s_scalbn.c.obj                272    0         0      
       fd_cmp_t2.asm.obj             268    0         0      
       fd_mul_t2.asm.obj             252    0         0      
       memcpy_t2.asm.obj             156    0         0      
       fd_tos_t2.asm.obj             110    0         0      
       copy_decompress_lzss.c.obj    104    0         0      
       autoinit.c.obj                68     0         0      
       boot_cortex_m.c.obj           56     0         0      
       fs_tod_t2.asm.obj             56     0         0      
       i_tofd_t2.asm.obj             46     0         0      
       u_tofd_t2.asm.obj             32     0         0      
       s_copysign.c.obj              20     0         0      
       copy_zero_init.c.obj          18     0         0      
       errno.c.obj                   8      0         8      
       copy_decompress_none.c.obj    14     0         0      
       exit.c.obj                    4      0         0      
       pre_init.c.obj                4      0         0      
    +--+-----------------------------+------+---------+---------+
       Total:                        5076   48        8      
                                                             
       Stack:                        0      0         1024   
       Linker Generated:             0      48        0      
    +--+-----------------------------+------+---------+---------+
       Grand Total:                  7886   324       1300   


LINKER GENERATED COPY TABLES

__TI_cinit_table @ 00002008 records: 2, size/record: 8, table size: 16
	.data: load addr=00001fe8, load size=0000000c bytes, run addr=20000078, run size=00000012 bytes, compression=lzss
	.bss: load addr=00002000, load size=00000008 bytes, run addr=20000000, run size=00000078 bytes, compression=zero_init


LINKER GENERATED HANDLER TABLE

__TI_handler_table @ 00001ff4 records: 3, size/record: 4, table size: 12
	index: 0, handler: __TI_decompress_lzss
	index: 1, handler: __TI_decompress_none
	index: 2, handler: __TI_zero_init


GLOBAL SYMBOLS: SORTED ALPHABETICALLY BY Name 

address   name                          
-------   ----                          
00001fa7  ADC14_IRQHandler              
0000166d  ADC14init                     
00001fa7  AES256_IRQHandler             
00001fa7  BusFault_Handler              
00001fb5  C$$EXIT                       
00001fa7  COMP_E0_IRQHandler            
00001fa7  COMP_E1_IRQHandler            
00001fa7  CS_IRQHandler                 
00001fa7  DMA_ERR_IRQHandler            
00001fa7  DMA_INT0_IRQHandler           
00001fa7  DMA_INT1_IRQHandler           
00001fa7  DMA_INT2_IRQHandler           
00001fa7  DMA_INT3_IRQHandler           
00001fa7  DebugMon_Handler              
00001fa7  Default_Handler               
000010d7  EUSCIA0_IRQHandler            
000010d7  EUSCIA0_IRQHandler            
00001fa7  EUSCIA1_IRQHandler            
00001fa7  EUSCIA2_IRQHandler            
00001fa7  EUSCIA3_IRQHandler            
00001fa7  EUSCIB0_IRQHandler            
00001fa7  EUSCIB1_IRQHandler            
00001fa7  EUSCIB2_IRQHandler            
00001fa7  EUSCIB3_IRQHandler            
00001fa7  FLCTL_IRQHandler              
00001fa7  FPU_IRQHandler                
00001fa7  HardFault_Handler             
20000000  INPUT_BUFFER                  
00001fa7  MemManage_Handler             
00001fa7  NMI_Handler                   
00001fa7  PCM_IRQHandler                
00001fa7  PORT1_IRQHandler              
00001fa7  PORT2_IRQHandler              
00001fa7  PORT3_IRQHandler              
00001fa7  PORT4_IRQHandler              
00001fa7  PORT5_IRQHandler              
00001fa7  PORT6_IRQHandler              
00001fa7  PSS_IRQHandler                
00001fa7  PendSV_Handler                
0000159f  PulsEnablePin                 
00001fa7  RTC_C_IRQHandler              
00001f9b  Reset_Handler                 
00001fa7  SVC_Handler                   
00001fa7  SysTick_Handler               
00001a67  SysTick_Init                  
20000084  SystemCoreClock               
00000aa5  SystemCoreClockUpdate         
00000d1d  SystemInit                    
00001fa7  T32_INT1_IRQHandler           
00000e4f  T32_INT2_IRQHandler           
00000e4f  T32_INT2_IRQHandler           
00001fa7  T32_INTC_IRQHandler           
00001fa7  TA0_0_IRQHandler              
00001fa7  TA0_N_IRQHandler              
00001fa7  TA1_0_IRQHandler              
00001fa7  TA1_N_IRQHandler              
00001fa7  TA2_0_IRQHandler              
00001fa7  TA2_N_IRQHandler              
00001fa7  TA3_0_IRQHandler              
00001fa7  TA3_N_IRQHandler              
20000064  TempS                         
20000078  Time                          
00001fa7  UsageFault_Handler            
4000480c  WDTCTL_SYM                    
00001fa7  WDT_A_IRQHandler              
20010000  __STACK_END                   
00000200  __STACK_SIZE                  
00002008  __TI_CINIT_Base               
00002018  __TI_CINIT_Limit              
00001ff4  __TI_Handler_Table_Base       
00002000  __TI_Handler_Table_Limit      
00001e65  __TI_auto_init_nobinit_nopinit
00001dfb  __TI_decompress_lzss          
00001f8d  __TI_decompress_none          
ffffffff  __TI_pprof_out_hndl           
ffffffff  __TI_prof_data_size           
ffffffff  __TI_prof_data_start          
00000000  __TI_static_base__            
00001f7b  __TI_zero_init_nomemset       
00001c81  __aeabi_cdcmpeq               
00001c81  __aeabi_cdcmple               
00001d07  __aeabi_cdrcmple              
00001d8d  __aeabi_d2f                   
0000122f  __aeabi_dadd                  
000017a5  __aeabi_ddiv                  
00001ae9  __aeabi_dmul                  
00001225  __aeabi_dsub                  
00001fa9  __aeabi_errno_addr            
00001ee1  __aeabi_f2d                   
00001f19  __aeabi_i2d                   
00001be5  __aeabi_memcpy                
00001be5  __aeabi_memcpy4               
00001be5  __aeabi_memcpy8               
00001f47  __aeabi_ui2d                  
ffffffff  __binit__                     
ffffffff  __c_args__                    
UNDEFED   __mpu_init                    
2000fe00  __stack                       
00001ea9  _c_int00_noargs               
UNDEFED   _system_post_cinit            
00001fb1  _system_pre_init              
00001fb5  abort                         
ffffffff  binit                         
00001633  comWrit                       
00000f2f  convertTemp                   
00000e65  convert_Time                  
00001f67  copysign                      
00001f67  copysignl                     
0000164d  dataWrit                      
2000007c  degreeFlag                    
00001a83  delay_micro                   
00001aa7  delay_ms                      
20000080  errno                         
000016b5  getTemp                       
2000006c  hour                          
00001535  initLCD                       
000019ed  initPins                      
00000000  interruptVectors              
000018dd  ldexp                         
000018dd  ldexpl                        
00000e05  main                          
00001be5  memcpy                        
20000070  min                           
000000e5  pow                           
000000e5  powl                          
000015fb  pushByt                       
000015d3  pushNib                       
00001067  readInput                     
20000089  read_location                 
000018dd  scalbn                        
000018dd  scalbnl                       
20000074  sec                           
0000110d  setupP2                       
00001163  setupSerial                   
000013dd  sqrt                          
000013dd  sqrtl                         
20000088  storage_location              
00001035  writeOutput                   


GLOBAL SYMBOLS: SORTED BY Symbol Address 

address   name                          
-------   ----                          
00000000  __TI_static_base__            
00000000  interruptVectors              
000000e5  pow                           
000000e5  powl                          
00000200  __STACK_SIZE                  
00000aa5  SystemCoreClockUpdate         
00000d1d  SystemInit                    
00000e05  main                          
00000e4f  T32_INT2_IRQHandler           
00000e4f  T32_INT2_IRQHandler           
00000e65  convert_Time                  
00000f2f  convertTemp                   
00001035  writeOutput                   
00001067  readInput                     
000010d7  EUSCIA0_IRQHandler            
000010d7  EUSCIA0_IRQHandler            
0000110d  setupP2                       
00001163  setupSerial                   
00001225  __aeabi_dsub                  
0000122f  __aeabi_dadd                  
000013dd  sqrt                          
000013dd  sqrtl                         
00001535  initLCD                       
0000159f  PulsEnablePin                 
000015d3  pushNib                       
000015fb  pushByt                       
00001633  comWrit                       
0000164d  dataWrit                      
0000166d  ADC14init                     
000016b5  getTemp                       
000017a5  __aeabi_ddiv                  
000018dd  ldexp                         
000018dd  ldexpl                        
000018dd  scalbn                        
000018dd  scalbnl                       
000019ed  initPins                      
00001a67  SysTick_Init                  
00001a83  delay_micro                   
00001aa7  delay_ms                      
00001ae9  __aeabi_dmul                  
00001be5  __aeabi_memcpy                
00001be5  __aeabi_memcpy4               
00001be5  __aeabi_memcpy8               
00001be5  memcpy                        
00001c81  __aeabi_cdcmpeq               
00001c81  __aeabi_cdcmple               
00001d07  __aeabi_cdrcmple              
00001d8d  __aeabi_d2f                   
00001dfb  __TI_decompress_lzss          
00001e65  __TI_auto_init_nobinit_nopinit
00001ea9  _c_int00_noargs               
00001ee1  __aeabi_f2d                   
00001f19  __aeabi_i2d                   
00001f47  __aeabi_ui2d                  
00001f67  copysign                      
00001f67  copysignl                     
00001f7b  __TI_zero_init_nomemset       
00001f8d  __TI_decompress_none          
00001f9b  Reset_Handler                 
00001fa7  ADC14_IRQHandler              
00001fa7  AES256_IRQHandler             
00001fa7  BusFault_Handler              
00001fa7  COMP_E0_IRQHandler            
00001fa7  COMP_E1_IRQHandler            
00001fa7  CS_IRQHandler                 
00001fa7  DMA_ERR_IRQHandler            
00001fa7  DMA_INT0_IRQHandler           
00001fa7  DMA_INT1_IRQHandler           
00001fa7  DMA_INT2_IRQHandler           
00001fa7  DMA_INT3_IRQHandler           
00001fa7  DebugMon_Handler              
00001fa7  Default_Handler               
00001fa7  EUSCIA1_IRQHandler            
00001fa7  EUSCIA2_IRQHandler            
00001fa7  EUSCIA3_IRQHandler            
00001fa7  EUSCIB0_IRQHandler            
00001fa7  EUSCIB1_IRQHandler            
00001fa7  EUSCIB2_IRQHandler            
00001fa7  EUSCIB3_IRQHandler            
00001fa7  FLCTL_IRQHandler              
00001fa7  FPU_IRQHandler                
00001fa7  HardFault_Handler             
00001fa7  MemManage_Handler             
00001fa7  NMI_Handler                   
00001fa7  PCM_IRQHandler                
00001fa7  PORT1_IRQHandler              
00001fa7  PORT2_IRQHandler              
00001fa7  PORT3_IRQHandler              
00001fa7  PORT4_IRQHandler              
00001fa7  PORT5_IRQHandler              
00001fa7  PORT6_IRQHandler              
00001fa7  PSS_IRQHandler                
00001fa7  PendSV_Handler                
00001fa7  RTC_C_IRQHandler              
00001fa7  SVC_Handler                   
00001fa7  SysTick_Handler               
00001fa7  T32_INT1_IRQHandler           
00001fa7  T32_INTC_IRQHandler           
00001fa7  TA0_0_IRQHandler              
00001fa7  TA0_N_IRQHandler              
00001fa7  TA1_0_IRQHandler              
00001fa7  TA1_N_IRQHandler              
00001fa7  TA2_0_IRQHandler              
00001fa7  TA2_N_IRQHandler              
00001fa7  TA3_0_IRQHandler              
00001fa7  TA3_N_IRQHandler              
00001fa7  UsageFault_Handler            
00001fa7  WDT_A_IRQHandler              
00001fa9  __aeabi_errno_addr            
00001fb1  _system_pre_init              
00001fb5  C$$EXIT                       
00001fb5  abort                         
00001ff4  __TI_Handler_Table_Base       
00002000  __TI_Handler_Table_Limit      
00002008  __TI_CINIT_Base               
00002018  __TI_CINIT_Limit              
20000000  INPUT_BUFFER                  
20000064  TempS                         
2000006c  hour                          
20000070  min                           
20000074  sec                           
20000078  Time                          
2000007c  degreeFlag                    
20000080  errno                         
20000084  SystemCoreClock               
20000088  storage_location              
20000089  read_location                 
2000fe00  __stack                       
20010000  __STACK_END                   
4000480c  WDTCTL_SYM                    
ffffffff  __TI_pprof_out_hndl           
ffffffff  __TI_prof_data_size           
ffffffff  __TI_prof_data_start          
ffffffff  __binit__                     
ffffffff  __c_args__                    
ffffffff  binit                         
UNDEFED   __mpu_init                    
UNDEFED   _system_post_cinit            

[138 symbols]
